[2025-03-03T04:03:37.652+0000][1][gc,init] CardTable entry size: 512
[2025-03-03T04:03:37.652+0000][1][gc     ] Using G1
[2025-03-03T04:03:37.666+0000][1][gc,init] Version: 23.0.2+7 (release)
[2025-03-03T04:03:37.666+0000][1][gc,init] CPUs: 4 total, 1 available
[2025-03-03T04:03:37.666+0000][1][gc,init] Memory: 1024M
[2025-03-03T04:03:37.666+0000][1][gc,init] Large Page Support: Disabled
[2025-03-03T04:03:37.666+0000][1][gc,init] NUMA Support: Disabled
[2025-03-03T04:03:37.666+0000][1][gc,init] Compressed Oops: Enabled (32-bit)
[2025-03-03T04:03:37.666+0000][1][gc,init] Heap Region Size: 1M
[2025-03-03T04:03:37.666+0000][1][gc,init] Heap Min Capacity: 2G
[2025-03-03T04:03:37.666+0000][1][gc,init] Heap Initial Capacity: 2G
[2025-03-03T04:03:37.666+0000][1][gc,init] Heap Max Capacity: 2G
[2025-03-03T04:03:37.666+0000][1][gc,init] Pre-touch: Disabled
[2025-03-03T04:03:37.666+0000][1][gc,init] Parallel Workers: 1
[2025-03-03T04:03:37.666+0000][1][gc,init] Concurrent Workers: 1
[2025-03-03T04:03:37.666+0000][1][gc,init] Concurrent Refinement Workers: 1
[2025-03-03T04:03:37.666+0000][1][gc,init] Periodic GC: Disabled
[2025-03-03T04:03:37.666+0000][1][gc,metaspace] CDS archive(s) not mapped
[2025-03-03T04:03:37.666+0000][1][gc,metaspace] Compressed class space mapped at: 0x000000001c000000-0x000000005c000000, reserved size: 1073741824
[2025-03-03T04:03:37.666+0000][1][gc,metaspace] Narrow klass base: 0x0000000000000000, Narrow klass shift: 0, Narrow klass range: 0x5c000000
[2025-03-03T04:03:41.565+0000][1][gc,start    ] GC(0) Pause Young (Concurrent Start) (Metadata GC Threshold)
[2025-03-03T04:03:41.565+0000][1][gc,task     ] GC(0) Using 1 workers of 1 for evacuation
[2025-03-03T04:03:41.565+0000][1][gc,age      ] GC(0) Desired survivor size 6815744 bytes, new threshold 15 (max threshold 15)
[2025-03-03T04:03:41.579+0000][1][gc,phases   ] GC(0)   Pre Evacuate Collection Set: 0.48ms
[2025-03-03T04:03:41.579+0000][1][gc,phases   ] GC(0)   Merge Heap Roots: 0.08ms
[2025-03-03T04:03:41.579+0000][1][gc,phases   ] GC(0)   Evacuate Collection Set: 12.62ms
[2025-03-03T04:03:41.579+0000][1][gc,phases   ] GC(0)   Post Evacuate Collection Set: 0.98ms
[2025-03-03T04:03:41.579+0000][1][gc,phases   ] GC(0)   Other: 0.08ms
[2025-03-03T04:03:41.579+0000][1][gc,age      ] GC(0) Age table:
[2025-03-03T04:03:41.579+0000][1][gc,age      ] GC(0) - age   1:    7465952 bytes,    7465952 total
[2025-03-03T04:03:41.579+0000][1][gc,heap     ] GC(0) Eden regions: 39->0(94)
[2025-03-03T04:03:41.579+0000][1][gc,heap     ] GC(0) Survivor regions: 0->8(13)
[2025-03-03T04:03:41.579+0000][1][gc,heap     ] GC(0) Old regions: 0->0
[2025-03-03T04:03:41.579+0000][1][gc,heap     ] GC(0) Humongous regions: 4->4
[2025-03-03T04:03:41.579+0000][1][gc,metaspace] GC(0) Metaspace: 21276K(21504K)->21276K(21504K) NonClass: 18971K(19072K)->18971K(19072K) Class: 2305K(2432K)->2305K(2432K)
[2025-03-03T04:03:41.579+0000][1][gc          ] GC(0) Pause Young (Concurrent Start) (Metadata GC Threshold) 42M->12M(2048M) 14.481ms
[2025-03-03T04:03:41.579+0000][1][gc,cpu      ] GC(0) User=0.02s Sys=0.01s Real=0.02s
[2025-03-03T04:03:41.579+0000][1][safepoint   ] Safepoint "CollectForMetadataAllocation", Time since last: 3882398165 ns, Reaching safepoint: 3741 ns, At safepoint: 14553000 ns, Total: 14556741 ns
[2025-03-03T04:03:41.579+0000][1][gc          ] GC(1) Concurrent Mark Cycle
[2025-03-03T04:03:41.579+0000][1][gc,marking  ] GC(1) Concurrent Scan Root Regions
[2025-03-03T04:03:41.582+0000][1][gc,marking  ] GC(1) Concurrent Scan Root Regions 2.667ms
[2025-03-03T04:03:41.582+0000][1][gc,marking  ] GC(1) Concurrent Mark
[2025-03-03T04:03:41.582+0000][1][gc,marking  ] GC(1) Concurrent Mark From Roots
[2025-03-03T04:03:41.582+0000][1][gc,task     ] GC(1) Using 1 workers of 1 for marking
[2025-03-03T04:03:41.583+0000][1][gc,marking  ] GC(1) Concurrent Mark From Roots 0.974ms
[2025-03-03T04:03:41.583+0000][1][gc,marking  ] GC(1) Concurrent Preclean
[2025-03-03T04:03:41.583+0000][1][gc,marking  ] GC(1) Concurrent Preclean 0.007ms
[2025-03-03T04:03:41.583+0000][1][gc,start    ] GC(1) Pause Remark
[2025-03-03T04:03:41.586+0000][1][gc          ] GC(1) Pause Remark 13M->13M(2048M) 2.399ms
[2025-03-03T04:03:41.586+0000][1][gc,cpu      ] GC(1) User=0.01s Sys=0.00s Real=0.00s
[2025-03-03T04:03:41.586+0000][1][safepoint   ] Safepoint "G1PauseRemark", Time since last: 3814094 ns, Reaching safepoint: 77020 ns, At safepoint: 2454821 ns, Total: 2531841 ns
[2025-03-03T04:03:41.586+0000][1][gc,marking  ] GC(1) Concurrent Mark 3.591ms
[2025-03-03T04:03:41.586+0000][1][gc,marking  ] GC(1) Concurrent Rebuild Remembered Sets and Scrub Regions
[2025-03-03T04:03:41.586+0000][1][gc,marking  ] GC(1) Concurrent Rebuild Remembered Sets and Scrub Regions 0.081ms
[2025-03-03T04:03:41.586+0000][1][gc,start    ] GC(1) Pause Cleanup
[2025-03-03T04:03:41.586+0000][1][gc          ] GC(1) Pause Cleanup 13M->13M(2048M) 0.019ms
[2025-03-03T04:03:41.586+0000][1][gc,cpu      ] GC(1) User=0.00s Sys=0.00s Real=0.00s
[2025-03-03T04:03:41.586+0000][1][safepoint   ] Safepoint "G1PauseCleanup", Time since last: 124409 ns, Reaching safepoint: 70723 ns, At safepoint: 39407 ns, Total: 110130 ns
[2025-03-03T04:03:41.586+0000][1][gc,marking  ] GC(1) Concurrent Clear Claimed Marks
[2025-03-03T04:03:41.586+0000][1][gc,marking  ] GC(1) Concurrent Clear Claimed Marks 0.014ms
[2025-03-03T04:03:41.586+0000][1][gc,marking  ] GC(1) Concurrent Cleanup for Next Mark
[2025-03-03T04:03:41.668+0000][1][gc,marking  ] GC(1) Concurrent Cleanup for Next Mark 82.431ms
[2025-03-03T04:03:41.668+0000][1][gc          ] GC(1) Concurrent Mark Cycle 89.117ms
[2025-03-03T04:03:46.872+0000][1][gc,start    ] GC(2) Pause Young (Concurrent Start) (Metadata GC Threshold)
[2025-03-03T04:03:46.872+0000][1][gc,task     ] GC(2) Using 1 workers of 1 for evacuation
[2025-03-03T04:03:46.872+0000][1][gc,age      ] GC(2) Desired survivor size 6815744 bytes, new threshold 1 (max threshold 15)
[2025-03-03T04:03:46.979+0000][1][gc,phases   ] GC(2)   Pre Evacuate Collection Set: 0.72ms
[2025-03-03T04:03:46.979+0000][1][gc,phases   ] GC(2)   Merge Heap Roots: 0.07ms
[2025-03-03T04:03:46.979+0000][1][gc,phases   ] GC(2)   Evacuate Collection Set: 104.77ms
[2025-03-03T04:03:46.979+0000][1][gc,phases   ] GC(2)   Post Evacuate Collection Set: 1.65ms
[2025-03-03T04:03:46.979+0000][1][gc,phases   ] GC(2)   Other: 0.14ms
[2025-03-03T04:03:46.979+0000][1][gc,age      ] GC(2) Age table:
[2025-03-03T04:03:46.980+0000][1][gc,age      ] GC(2) - age   1:    2683848 bytes,    2683848 total
[2025-03-03T04:03:46.980+0000][1][gc,heap     ] GC(2) Eden regions: 88->0(99)
[2025-03-03T04:03:46.980+0000][1][gc,heap     ] GC(2) Survivor regions: 8->3(13)
[2025-03-03T04:03:46.980+0000][1][gc,heap     ] GC(2) Old regions: 0->8
[2025-03-03T04:03:46.980+0000][1][gc,heap     ] GC(2) Humongous regions: 4->4
[2025-03-03T04:03:46.980+0000][1][gc,metaspace] GC(2) Metaspace: 35746K(36096K)->35746K(36096K) NonClass: 31859K(32064K)->31859K(32064K) Class: 3886K(4032K)->3886K(4032K)
[2025-03-03T04:03:46.980+0000][1][gc          ] GC(2) Pause Young (Concurrent Start) (Metadata GC Threshold) 100M->14M(2048M) 107.582ms
[2025-03-03T04:03:46.980+0000][1][gc          ] GC(3) Concurrent Mark Cycle
[2025-03-03T04:03:46.980+0000][1][gc,marking  ] GC(3) Concurrent Scan Root Regions
[2025-03-03T04:03:46.980+0000][1][gc,cpu      ] GC(2) User=0.02s Sys=0.00s Real=0.11s
[2025-03-03T04:03:46.984+0000][1][safepoint   ] Safepoint "CollectForMetadataAllocation", Time since last: 5286143261 ns, Reaching safepoint: 6500 ns, At safepoint: 111800446 ns, Total: 111806946 ns
[2025-03-03T04:03:46.986+0000][1][gc,marking  ] GC(3) Concurrent Scan Root Regions 6.179ms
[2025-03-03T04:03:46.986+0000][1][gc,marking  ] GC(3) Concurrent Mark
[2025-03-03T04:03:46.986+0000][1][gc,marking  ] GC(3) Concurrent Mark From Roots
[2025-03-03T04:03:46.986+0000][1][gc,task     ] GC(3) Using 1 workers of 1 for marking
[2025-03-03T04:03:46.988+0000][1][gc,marking  ] GC(3) Concurrent Mark From Roots 1.405ms
[2025-03-03T04:03:46.988+0000][1][gc,marking  ] GC(3) Concurrent Preclean
[2025-03-03T04:03:46.988+0000][1][gc,marking  ] GC(3) Concurrent Preclean 0.156ms
[2025-03-03T04:03:46.988+0000][1][gc,start    ] GC(3) Pause Remark
[2025-03-03T04:03:47.056+0000][1][gc          ] GC(3) Pause Remark 15M->15M(2048M) 67.843ms
[2025-03-03T04:03:47.056+0000][1][gc,cpu      ] GC(3) User=0.00s Sys=0.00s Real=0.07s
[2025-03-03T04:03:47.056+0000][1][safepoint   ] Safepoint "G1PauseRemark", Time since last: 4575453 ns, Reaching safepoint: 140483 ns, At safepoint: 67930561 ns, Total: 68071044 ns
[2025-03-03T04:03:47.057+0000][1][gc,marking  ] GC(3) Concurrent Mark 70.537ms
[2025-03-03T04:03:47.057+0000][1][gc,marking  ] GC(3) Concurrent Rebuild Remembered Sets and Scrub Regions
[2025-03-03T04:03:47.060+0000][1][gc,marking  ] GC(3) Concurrent Rebuild Remembered Sets and Scrub Regions 3.719ms
[2025-03-03T04:03:47.061+0000][1][gc,start    ] GC(3) Pause Cleanup
[2025-03-03T04:03:47.061+0000][1][gc          ] GC(3) Pause Cleanup 15M->15M(2048M) 0.194ms
[2025-03-03T04:03:47.061+0000][1][gc,cpu      ] GC(3) User=0.00s Sys=0.00s Real=0.00s
[2025-03-03T04:03:47.061+0000][1][safepoint   ] Safepoint "G1PauseCleanup", Time since last: 4140708 ns, Reaching safepoint: 82705 ns, At safepoint: 452449 ns, Total: 535154 ns
[2025-03-03T04:03:47.061+0000][1][gc,marking  ] GC(3) Concurrent Clear Claimed Marks
[2025-03-03T04:03:47.061+0000][1][gc,marking  ] GC(3) Concurrent Clear Claimed Marks 0.169ms
[2025-03-03T04:03:47.062+0000][1][gc,marking  ] GC(3) Concurrent Cleanup for Next Mark
[2025-03-03T04:03:47.070+0000][1][gc,marking  ] GC(3) Concurrent Cleanup for Next Mark 8.716ms
[2025-03-03T04:03:47.071+0000][1][gc          ] GC(3) Concurrent Mark Cycle 90.982ms
[2025-03-03T04:03:49.956+0000][1][gc,start    ] GC(4) Pause Young (Normal) (G1 Evacuation Pause)
[2025-03-03T04:03:49.956+0000][1][gc,task     ] GC(4) Using 1 workers of 1 for evacuation
[2025-03-03T04:03:49.956+0000][1][gc,age      ] GC(4) Desired survivor size 6815744 bytes, new threshold 15 (max threshold 15)
[2025-03-03T04:03:49.981+0000][1][gc,phases   ] GC(4)   Pre Evacuate Collection Set: 0.65ms
[2025-03-03T04:03:49.981+0000][1][gc,phases   ] GC(4)   Merge Heap Roots: 0.10ms
[2025-03-03T04:03:49.981+0000][1][gc,phases   ] GC(4)   Evacuate Collection Set: 23.43ms
[2025-03-03T04:03:49.981+0000][1][gc,phases   ] GC(4)   Post Evacuate Collection Set: 1.02ms
[2025-03-03T04:03:49.981+0000][1][gc,phases   ] GC(4)   Other: 0.10ms
[2025-03-03T04:03:49.981+0000][1][gc,age      ] GC(4) Age table:
[2025-03-03T04:03:49.981+0000][1][gc,age      ] GC(4) - age   1:    4901816 bytes,    4901816 total
[2025-03-03T04:03:49.981+0000][1][gc,age      ] GC(4) - age   2:    2575720 bytes,    7477536 total
[2025-03-03T04:03:49.981+0000][1][gc,heap     ] GC(4) Eden regions: 99->0(94)
[2025-03-03T04:03:49.981+0000][1][gc,heap     ] GC(4) Survivor regions: 3->8(13)
[2025-03-03T04:03:49.981+0000][1][gc,heap     ] GC(4) Old regions: 8->8
[2025-03-03T04:03:49.981+0000][1][gc,heap     ] GC(4) Humongous regions: 4->4
[2025-03-03T04:03:49.981+0000][1][gc,metaspace] GC(4) Metaspace: 36877K(37312K)->36877K(37312K) NonClass: 32807K(33088K)->32807K(33088K) Class: 4069K(4224K)->4069K(4224K)
[2025-03-03T04:03:49.981+0000][1][gc          ] GC(4) Pause Young (Normal) (G1 Evacuation Pause) 113M->19M(2048M) 25.604ms
[2025-03-03T04:03:49.981+0000][1][gc,cpu      ] GC(4) User=0.03s Sys=0.00s Real=0.02s
[2025-03-03T04:03:49.981+0000][1][safepoint   ] Safepoint "G1CollectForAllocation", Time since last: 2894644633 ns, Reaching safepoint: 6797 ns, At safepoint: 25657936 ns, Total: 25664733 ns
[2025-03-03T04:03:51.054+0000][1][gc,start    ] GC(5) Pause Young (Normal) (G1 Evacuation Pause)
[2025-03-03T04:03:51.055+0000][1][gc,task     ] GC(5) Using 1 workers of 1 for evacuation
[2025-03-03T04:03:51.055+0000][1][gc,age      ] GC(5) Desired survivor size 6815744 bytes, new threshold 2 (max threshold 15)
[2025-03-03T04:03:51.071+0000][1][gc,phases   ] GC(5)   Pre Evacuate Collection Set: 0.51ms
[2025-03-03T04:03:51.071+0000][1][gc,phases   ] GC(5)   Merge Heap Roots: 0.07ms
[2025-03-03T04:03:51.071+0000][1][gc,phases   ] GC(5)   Evacuate Collection Set: 14.77ms
[2025-03-03T04:03:51.071+0000][1][gc,phases   ] GC(5)   Post Evacuate Collection Set: 0.97ms
[2025-03-03T04:03:51.071+0000][1][gc,phases   ] GC(5)   Other: 0.09ms
[2025-03-03T04:03:51.071+0000][1][gc,age      ] GC(5) Age table:
[2025-03-03T04:03:51.071+0000][1][gc,age      ] GC(5) - age   1:    1943408 bytes,    1943408 total
[2025-03-03T04:03:51.071+0000][1][gc,age      ] GC(5) - age   2:     438216 bytes,    2381624 total
[2025-03-03T04:03:51.071+0000][1][gc,heap     ] GC(5) Eden regions: 94->0(99)
[2025-03-03T04:03:51.071+0000][1][gc,heap     ] GC(5) Survivor regions: 8->3(13)
[2025-03-03T04:03:51.071+0000][1][gc,heap     ] GC(5) Old regions: 8->10
[2025-03-03T04:03:51.071+0000][1][gc,heap     ] GC(5) Humongous regions: 4->4
[2025-03-03T04:03:51.071+0000][1][gc,metaspace] GC(5) Metaspace: 37023K(37504K)->37023K(37504K) NonClass: 32938K(33216K)->32938K(33216K) Class: 4084K(4288K)->4084K(4288K)
[2025-03-03T04:03:51.071+0000][1][gc          ] GC(5) Pause Young (Normal) (G1 Evacuation Pause) 113M->16M(2048M) 16.817ms
[2025-03-03T04:03:51.071+0000][1][gc,cpu      ] GC(5) User=0.03s Sys=0.00s Real=0.02s
[2025-03-03T04:03:51.071+0000][1][safepoint   ] Safepoint "G1CollectForAllocation", Time since last: 1073002163 ns, Reaching safepoint: 7278 ns, At safepoint: 16868219 ns, Total: 16875497 ns
[2025-03-03T04:04:00.157+0000][1][gc,start    ] GC(6) Pause Young (Normal) (G1 Evacuation Pause)
[2025-03-03T04:04:00.157+0000][1][gc,task     ] GC(6) Using 1 workers of 1 for evacuation
[2025-03-03T04:04:00.157+0000][1][gc,age      ] GC(6) Desired survivor size 6815744 bytes, new threshold 15 (max threshold 15)
[2025-03-03T04:04:00.263+0000][1][gc,phases   ] GC(6)   Pre Evacuate Collection Set: 0.61ms
[2025-03-03T04:04:00.263+0000][1][gc,phases   ] GC(6)   Merge Heap Roots: 0.08ms
[2025-03-03T04:04:00.263+0000][1][gc,phases   ] GC(6)   Evacuate Collection Set: 102.15ms
[2025-03-03T04:04:00.263+0000][1][gc,phases   ] GC(6)   Post Evacuate Collection Set: 2.63ms
[2025-03-03T04:04:00.263+0000][1][gc,phases   ] GC(6)   Other: 0.09ms
[2025-03-03T04:04:00.263+0000][1][gc,age      ] GC(6) Age table:
[2025-03-03T04:04:00.263+0000][1][gc,age      ] GC(6) - age   1:    6238352 bytes,    6238352 total
[2025-03-03T04:04:00.263+0000][1][gc,age      ] GC(6) - age   2:     182376 bytes,    6420728 total
[2025-03-03T04:04:00.263+0000][1][gc,age      ] GC(6) - age   3:     432480 bytes,    6853208 total
[2025-03-03T04:04:00.263+0000][1][gc,heap     ] GC(6) Eden regions: 99->0(95)
[2025-03-03T04:04:00.263+0000][1][gc,heap     ] GC(6) Survivor regions: 3->7(13)
[2025-03-03T04:04:00.263+0000][1][gc,heap     ] GC(6) Old regions: 10->10
[2025-03-03T04:04:00.263+0000][1][gc,heap     ] GC(6) Humongous regions: 4->4
[2025-03-03T04:04:00.263+0000][1][gc,metaspace] GC(6) Metaspace: 57076K(57728K)->57076K(57728K) NonClass: 49617K(49984K)->49617K(49984K) Class: 7458K(7744K)->7458K(7744K)
[2025-03-03T04:04:00.263+0000][1][gc          ] GC(6) Pause Young (Normal) (G1 Evacuation Pause) 115M->21M(2048M) 106.073ms
[2025-03-03T04:04:00.263+0000][1][gc,cpu      ] GC(6) User=0.06s Sys=0.00s Real=0.10s
[2025-03-03T04:04:00.263+0000][1][safepoint   ] Safepoint "G1CollectForAllocation", Time since last: 9085676797 ns, Reaching safepoint: 5574 ns, At safepoint: 106267003 ns, Total: 106272577 ns
[2025-03-03T04:04:01.461+0000][1][gc,start    ] GC(7) Pause Young (Concurrent Start) (Metadata GC Threshold)
[2025-03-03T04:04:01.461+0000][1][gc,task     ] GC(7) Using 1 workers of 1 for evacuation
[2025-03-03T04:04:01.461+0000][1][gc,age      ] GC(7) Desired survivor size 6815744 bytes, new threshold 3 (max threshold 15)
[2025-03-03T04:04:01.486+0000][1][gc,phases   ] GC(7)   Pre Evacuate Collection Set: 0.56ms
[2025-03-03T04:04:01.487+0000][1][gc,phases   ] GC(7)   Merge Heap Roots: 0.11ms
[2025-03-03T04:04:01.487+0000][1][gc,phases   ] GC(7)   Evacuate Collection Set: 23.23ms
[2025-03-03T04:04:01.487+0000][1][gc,phases   ] GC(7)   Post Evacuate Collection Set: 1.23ms
[2025-03-03T04:04:01.487+0000][1][gc,phases   ] GC(7)   Other: 0.11ms
[2025-03-03T04:04:01.487+0000][1][gc,age      ] GC(7) Age table:
[2025-03-03T04:04:01.487+0000][1][gc,age      ] GC(7) - age   1:    1578696 bytes,    1578696 total
[2025-03-03T04:04:01.487+0000][1][gc,age      ] GC(7) - age   2:    5773704 bytes,    7352400 total
[2025-03-03T04:04:01.487+0000][1][gc,age      ] GC(7) - age   3:     182248 bytes,    7534648 total
[2025-03-03T04:04:01.487+0000][1][gc,heap     ] GC(7) Eden regions: 11->0(94)
[2025-03-03T04:04:01.487+0000][1][gc,heap     ] GC(7) Survivor regions: 7->8(13)
[2025-03-03T04:04:01.487+0000][1][gc,heap     ] GC(7) Old regions: 10->11
[2025-03-03T04:04:01.487+0000][1][gc,heap     ] GC(7) Humongous regions: 4->4
[2025-03-03T04:04:01.487+0000][1][gc,metaspace] GC(7) Metaspace: 59754K(60416K)->59754K(60416K) NonClass: 51816K(52224K)->51816K(52224K) Class: 7938K(8192K)->7938K(8192K)
[2025-03-03T04:04:01.487+0000][1][gc          ] GC(7) Pause Young (Concurrent Start) (Metadata GC Threshold) 31M->21M(2048M) 25.490ms
[2025-03-03T04:04:01.487+0000][1][gc          ] GC(8) Concurrent Mark Cycle
[2025-03-03T04:04:01.487+0000][1][gc,marking  ] GC(8) Concurrent Scan Root Regions
[2025-03-03T04:04:01.488+0000][1][gc,cpu      ] GC(7) User=0.02s Sys=0.00s Real=0.03s
[2025-03-03T04:04:01.488+0000][1][safepoint   ] Safepoint "CollectForMetadataAllocation", Time since last: 1197905585 ns, Reaching safepoint: 5611 ns, At safepoint: 26704006 ns, Total: 26709617 ns
[2025-03-03T04:04:01.559+0000][1][gc,marking  ] GC(8) Concurrent Scan Root Regions 72.663ms
[2025-03-03T04:04:01.560+0000][1][gc,marking  ] GC(8) Concurrent Mark
[2025-03-03T04:04:01.560+0000][1][gc,marking  ] GC(8) Concurrent Mark From Roots
[2025-03-03T04:04:01.560+0000][1][gc,task     ] GC(8) Using 1 workers of 1 for marking
[2025-03-03T04:04:01.662+0000][1][gc,marking  ] GC(8) Concurrent Mark From Roots 102.011ms
[2025-03-03T04:04:01.662+0000][1][gc,marking  ] GC(8) Concurrent Preclean
[2025-03-03T04:04:01.662+0000][1][gc,marking  ] GC(8) Concurrent Preclean 0.108ms
[2025-03-03T04:04:01.662+0000][1][gc,start    ] GC(8) Pause Remark
[2025-03-03T04:04:01.671+0000][1][gc          ] GC(8) Pause Remark 22M->22M(2048M) 8.710ms
[2025-03-03T04:04:01.671+0000][1][gc,cpu      ] GC(8) User=0.01s Sys=0.00s Real=0.01s
[2025-03-03T04:04:01.671+0000][1][safepoint   ] Safepoint "G1PauseRemark", Time since last: 173980250 ns, Reaching safepoint: 78204 ns, At safepoint: 8804526 ns, Total: 8882730 ns
[2025-03-03T04:04:01.671+0000][1][gc,marking  ] GC(8) Concurrent Mark 111.181ms
[2025-03-03T04:04:01.671+0000][1][gc,marking  ] GC(8) Concurrent Rebuild Remembered Sets and Scrub Regions
[2025-03-03T04:04:01.756+0000][1][gc,marking  ] GC(8) Concurrent Rebuild Remembered Sets and Scrub Regions 85.627ms
[2025-03-03T04:04:01.759+0000][1][gc,start    ] GC(8) Pause Cleanup
[2025-03-03T04:04:01.759+0000][1][gc          ] GC(8) Pause Cleanup 23M->23M(2048M) 0.121ms
[2025-03-03T04:04:01.759+0000][1][gc,cpu      ] GC(8) User=0.00s Sys=0.00s Real=0.00s
[2025-03-03T04:04:01.759+0000][1][safepoint   ] Safepoint "G1PauseCleanup", Time since last: 87775845 ns, Reaching safepoint: 76019 ns, At safepoint: 172039 ns, Total: 248058 ns
[2025-03-03T04:04:01.759+0000][1][gc,marking  ] GC(8) Concurrent Clear Claimed Marks
[2025-03-03T04:04:01.759+0000][1][gc,marking  ] GC(8) Concurrent Clear Claimed Marks 0.093ms
[2025-03-03T04:04:01.759+0000][1][gc,marking  ] GC(8) Concurrent Cleanup for Next Mark
[2025-03-03T04:04:01.768+0000][1][gc,marking  ] GC(8) Concurrent Cleanup for Next Mark 9.269ms
[2025-03-03T04:04:01.768+0000][1][gc          ] GC(8) Concurrent Mark Cycle 281.704ms
[2025-03-03T04:04:08.765+0000][1][gc,heap,exit] Heap
[2025-03-03T04:04:08.765+0000][1][gc,heap,exit]  garbage-first heap   total reserved 2097152K, committed 2097152K, used 89731K [0x0000000080000000, 0x0000000100000000)
[2025-03-03T04:04:08.766+0000][1][gc,heap,exit]   region size 1024K, 74 young (75776K), 8 survivors (8192K)
[2025-03-03T04:04:08.766+0000][1][gc,heap,exit]  Metaspace       used 75832K, committed 76992K, reserved 1179648K
[2025-03-03T04:04:08.766+0000][1][gc,heap,exit]   class space    used 10099K, committed 10624K, reserved 1048576K
