[2025-03-03T04:05:38.907+0000][1][gc,init] CardTable entry size: 512
[2025-03-03T04:05:38.907+0000][1][gc     ] Using G1
[2025-03-03T04:05:38.920+0000][1][gc,init] Version: 23.0.2+7 (release)
[2025-03-03T04:05:38.920+0000][1][gc,init] CPUs: 4 total, 1 available
[2025-03-03T04:05:38.920+0000][1][gc,init] Memory: 1024M
[2025-03-03T04:05:38.920+0000][1][gc,init] Large Page Support: Disabled
[2025-03-03T04:05:38.920+0000][1][gc,init] NUMA Support: Disabled
[2025-03-03T04:05:38.920+0000][1][gc,init] Compressed Oops: Enabled (32-bit)
[2025-03-03T04:05:38.920+0000][1][gc,init] Heap Region Size: 1M
[2025-03-03T04:05:38.920+0000][1][gc,init] Heap Min Capacity: 2G
[2025-03-03T04:05:38.920+0000][1][gc,init] Heap Initial Capacity: 2G
[2025-03-03T04:05:38.920+0000][1][gc,init] Heap Max Capacity: 2G
[2025-03-03T04:05:38.920+0000][1][gc,init] Pre-touch: Disabled
[2025-03-03T04:05:38.920+0000][1][gc,init] Parallel Workers: 1
[2025-03-03T04:05:38.920+0000][1][gc,init] Concurrent Workers: 1
[2025-03-03T04:05:38.920+0000][1][gc,init] Concurrent Refinement Workers: 1
[2025-03-03T04:05:38.920+0000][1][gc,init] Periodic GC: Disabled
[2025-03-03T04:05:38.920+0000][1][gc,metaspace] CDS archive(s) not mapped
[2025-03-03T04:05:38.920+0000][1][gc,metaspace] Compressed class space mapped at: 0x0000000038000000-0x0000000078000000, reserved size: 1073741824
[2025-03-03T04:05:38.920+0000][1][gc,metaspace] Narrow klass base: 0x0000000000000000, Narrow klass shift: 0, Narrow klass range: 0x78000000
[2025-03-03T04:05:42.813+0000][1][gc,start    ] GC(0) Pause Young (Concurrent Start) (Metadata GC Threshold)
[2025-03-03T04:05:42.814+0000][1][gc,task     ] GC(0) Using 1 workers of 1 for evacuation
[2025-03-03T04:05:42.814+0000][1][gc,age      ] GC(0) Desired survivor size 6815744 bytes, new threshold 15 (max threshold 15)
[2025-03-03T04:05:42.896+0000][1][gc,phases   ] GC(0)   Pre Evacuate Collection Set: 0.56ms
[2025-03-03T04:05:42.896+0000][1][gc,phases   ] GC(0)   Merge Heap Roots: 0.07ms
[2025-03-03T04:05:42.896+0000][1][gc,phases   ] GC(0)   Evacuate Collection Set: 80.21ms
[2025-03-03T04:05:42.896+0000][1][gc,phases   ] GC(0)   Post Evacuate Collection Set: 1.06ms
[2025-03-03T04:05:42.896+0000][1][gc,phases   ] GC(0)   Other: 0.09ms
[2025-03-03T04:05:42.896+0000][1][gc,age      ] GC(0) Age table:
[2025-03-03T04:05:42.896+0000][1][gc,age      ] GC(0) - age   1:    7466688 bytes,    7466688 total
[2025-03-03T04:05:42.896+0000][1][gc,heap     ] GC(0) Eden regions: 38->0(94)
[2025-03-03T04:05:42.896+0000][1][gc,heap     ] GC(0) Survivor regions: 0->8(13)
[2025-03-03T04:05:42.896+0000][1][gc,heap     ] GC(0) Old regions: 0->0
[2025-03-03T04:05:42.896+0000][1][gc,heap     ] GC(0) Humongous regions: 4->4
[2025-03-03T04:05:42.896+0000][1][gc,metaspace] GC(0) Metaspace: 21279K(21504K)->21279K(21504K) NonClass: 18973K(19072K)->18973K(19072K) Class: 2305K(2432K)->2305K(2432K)
[2025-03-03T04:05:42.896+0000][1][gc          ] GC(0) Pause Young (Concurrent Start) (Metadata GC Threshold) 42M->12M(2048M) 82.392ms
[2025-03-03T04:05:42.896+0000][1][gc,cpu      ] GC(0) User=0.00s Sys=0.02s Real=0.09s
[2025-03-03T04:05:42.896+0000][1][safepoint   ] Safepoint "CollectForMetadataAllocation", Time since last: 3878121333 ns, Reaching safepoint: 4019 ns, At safepoint: 82554597 ns, Total: 82558616 ns
[2025-03-03T04:05:42.896+0000][1][gc          ] GC(1) Concurrent Mark Cycle
[2025-03-03T04:05:42.896+0000][1][gc,marking  ] GC(1) Concurrent Scan Root Regions
[2025-03-03T04:05:42.899+0000][1][gc,marking  ] GC(1) Concurrent Scan Root Regions 2.573ms
[2025-03-03T04:05:42.899+0000][1][gc,marking  ] GC(1) Concurrent Mark
[2025-03-03T04:05:42.899+0000][1][gc,marking  ] GC(1) Concurrent Mark From Roots
[2025-03-03T04:05:42.899+0000][1][gc,task     ] GC(1) Using 1 workers of 1 for marking
[2025-03-03T04:05:42.900+0000][1][gc,marking  ] GC(1) Concurrent Mark From Roots 0.915ms
[2025-03-03T04:05:42.900+0000][1][gc,marking  ] GC(1) Concurrent Preclean
[2025-03-03T04:05:42.900+0000][1][gc,marking  ] GC(1) Concurrent Preclean 0.008ms
[2025-03-03T04:05:42.900+0000][1][gc,start    ] GC(1) Pause Remark
[2025-03-03T04:05:42.902+0000][1][gc          ] GC(1) Pause Remark 12M->12M(2048M) 2.468ms
[2025-03-03T04:05:42.902+0000][1][gc,cpu      ] GC(1) User=0.00s Sys=0.00s Real=0.00s
[2025-03-03T04:05:42.902+0000][1][safepoint   ] Safepoint "G1PauseRemark", Time since last: 3747851 ns, Reaching safepoint: 133704 ns, At safepoint: 2526327 ns, Total: 2660031 ns
[2025-03-03T04:05:42.903+0000][1][gc,marking  ] GC(1) Concurrent Mark 3.887ms
[2025-03-03T04:05:42.903+0000][1][gc,marking  ] GC(1) Concurrent Rebuild Remembered Sets and Scrub Regions
[2025-03-03T04:05:42.903+0000][1][gc,marking  ] GC(1) Concurrent Rebuild Remembered Sets and Scrub Regions 0.157ms
[2025-03-03T04:05:42.903+0000][1][gc,start    ] GC(1) Pause Cleanup
[2025-03-03T04:05:42.903+0000][1][gc          ] GC(1) Pause Cleanup 12M->12M(2048M) 0.023ms
[2025-03-03T04:05:42.903+0000][1][gc,cpu      ] GC(1) User=0.00s Sys=0.00s Real=0.00s
[2025-03-03T04:05:42.903+0000][1][safepoint   ] Safepoint "G1PauseCleanup", Time since last: 335335 ns, Reaching safepoint: 72797 ns, At safepoint: 46222 ns, Total: 119019 ns
[2025-03-03T04:05:42.903+0000][1][gc,marking  ] GC(1) Concurrent Clear Claimed Marks
[2025-03-03T04:05:42.903+0000][1][gc,marking  ] GC(1) Concurrent Clear Claimed Marks 0.088ms
[2025-03-03T04:05:42.903+0000][1][gc,marking  ] GC(1) Concurrent Cleanup for Next Mark
[2025-03-03T04:05:42.991+0000][1][gc,marking  ] GC(1) Concurrent Cleanup for Next Mark 88.256ms
[2025-03-03T04:05:42.991+0000][1][gc          ] GC(1) Concurrent Mark Cycle 95.394ms
[2025-03-03T04:05:47.998+0000][1][gc,start    ] GC(2) Pause Young (Concurrent Start) (Metadata GC Threshold)
[2025-03-03T04:05:47.998+0000][1][gc,task     ] GC(2) Using 1 workers of 1 for evacuation
[2025-03-03T04:05:47.998+0000][1][gc,age      ] GC(2) Desired survivor size 6815744 bytes, new threshold 1 (max threshold 15)
[2025-03-03T04:05:48.094+0000][1][gc,phases   ] GC(2)   Pre Evacuate Collection Set: 0.57ms
[2025-03-03T04:05:48.094+0000][1][gc,phases   ] GC(2)   Merge Heap Roots: 0.05ms
[2025-03-03T04:05:48.094+0000][1][gc,phases   ] GC(2)   Evacuate Collection Set: 93.59ms
[2025-03-03T04:05:48.094+0000][1][gc,phases   ] GC(2)   Post Evacuate Collection Set: 1.57ms
[2025-03-03T04:05:48.094+0000][1][gc,phases   ] GC(2)   Other: 0.12ms
[2025-03-03T04:05:48.094+0000][1][gc,age      ] GC(2) Age table:
[2025-03-03T04:05:48.094+0000][1][gc,age      ] GC(2) - age   1:    2673280 bytes,    2673280 total
[2025-03-03T04:05:48.094+0000][1][gc,heap     ] GC(2) Eden regions: 88->0(99)
[2025-03-03T04:05:48.094+0000][1][gc,heap     ] GC(2) Survivor regions: 8->3(13)
[2025-03-03T04:05:48.094+0000][1][gc,heap     ] GC(2) Old regions: 0->8
[2025-03-03T04:05:48.094+0000][1][gc,heap     ] GC(2) Humongous regions: 4->4
[2025-03-03T04:05:48.094+0000][1][gc,metaspace] GC(2) Metaspace: 35752K(36096K)->35752K(36096K) NonClass: 31866K(32064K)->31866K(32064K) Class: 3885K(4032K)->3885K(4032K)
[2025-03-03T04:05:48.095+0000][1][gc          ] GC(2) Pause Young (Concurrent Start) (Metadata GC Threshold) 100M->14M(2048M) 96.135ms
[2025-03-03T04:05:48.095+0000][1][gc,cpu      ] GC(2) User=0.02s Sys=0.01s Real=0.09s
[2025-03-03T04:05:48.095+0000][1][safepoint   ] Safepoint "CollectForMetadataAllocation", Time since last: 5095504898 ns, Reaching safepoint: 5149 ns, At safepoint: 96223713 ns, Total: 96228862 ns
[2025-03-03T04:05:48.095+0000][1][gc          ] GC(3) Concurrent Mark Cycle
[2025-03-03T04:05:48.095+0000][1][gc,marking  ] GC(3) Concurrent Scan Root Regions
[2025-03-03T04:05:48.101+0000][1][gc,marking  ] GC(3) Concurrent Scan Root Regions 6.262ms
[2025-03-03T04:05:48.101+0000][1][gc,marking  ] GC(3) Concurrent Mark
[2025-03-03T04:05:48.101+0000][1][gc,marking  ] GC(3) Concurrent Mark From Roots
[2025-03-03T04:05:48.101+0000][1][gc,task     ] GC(3) Using 1 workers of 1 for marking
[2025-03-03T04:05:48.103+0000][1][gc,marking  ] GC(3) Concurrent Mark From Roots 1.308ms
[2025-03-03T04:05:48.103+0000][1][gc,marking  ] GC(3) Concurrent Preclean
[2025-03-03T04:05:48.103+0000][1][gc,marking  ] GC(3) Concurrent Preclean 0.115ms
[2025-03-03T04:05:48.103+0000][1][gc,start    ] GC(3) Pause Remark
[2025-03-03T04:05:48.108+0000][1][gc          ] GC(3) Pause Remark 15M->15M(2048M) 4.594ms
[2025-03-03T04:05:48.108+0000][1][gc,cpu      ] GC(3) User=0.01s Sys=0.00s Real=0.01s
[2025-03-03T04:05:48.108+0000][1][safepoint   ] Safepoint "G1PauseRemark", Time since last: 8511446 ns, Reaching safepoint: 5555 ns, At safepoint: 4693448 ns, Total: 4699003 ns
[2025-03-03T04:05:48.108+0000][1][gc,marking  ] GC(3) Concurrent Mark 6.740ms
[2025-03-03T04:05:48.108+0000][1][gc,marking  ] GC(3) Concurrent Rebuild Remembered Sets and Scrub Regions
[2025-03-03T04:05:48.191+0000][1][gc,marking  ] GC(3) Concurrent Rebuild Remembered Sets and Scrub Regions 83.348ms
[2025-03-03T04:05:48.192+0000][1][gc,start    ] GC(3) Pause Cleanup
[2025-03-03T04:05:48.192+0000][1][gc          ] GC(3) Pause Cleanup 15M->15M(2048M) 0.086ms
[2025-03-03T04:05:48.192+0000][1][gc,cpu      ] GC(3) User=0.00s Sys=0.00s Real=0.00s
[2025-03-03T04:05:48.192+0000][1][safepoint   ] Safepoint "G1PauseCleanup", Time since last: 83600693 ns, Reaching safepoint: 203241 ns, At safepoint: 129353 ns, Total: 332594 ns
[2025-03-03T04:05:48.192+0000][1][gc,marking  ] GC(3) Concurrent Clear Claimed Marks
[2025-03-03T04:05:48.192+0000][1][gc,marking  ] GC(3) Concurrent Clear Claimed Marks 0.051ms
[2025-03-03T04:05:48.192+0000][1][gc,marking  ] GC(3) Concurrent Cleanup for Next Mark
[2025-03-03T04:05:48.199+0000][1][gc,marking  ] GC(3) Concurrent Cleanup for Next Mark 7.492ms
[2025-03-03T04:05:48.199+0000][1][gc          ] GC(3) Concurrent Mark Cycle 104.756ms
[2025-03-03T04:05:51.591+0000][1][gc,start    ] GC(4) Pause Young (Normal) (G1 Evacuation Pause)
[2025-03-03T04:05:51.591+0000][1][gc,task     ] GC(4) Using 1 workers of 1 for evacuation
[2025-03-03T04:05:51.591+0000][1][gc,age      ] GC(4) Desired survivor size 6815744 bytes, new threshold 15 (max threshold 15)
[2025-03-03T04:05:51.615+0000][1][gc,phases   ] GC(4)   Pre Evacuate Collection Set: 0.51ms
[2025-03-03T04:05:51.616+0000][1][gc,phases   ] GC(4)   Merge Heap Roots: 0.10ms
[2025-03-03T04:05:51.616+0000][1][gc,phases   ] GC(4)   Evacuate Collection Set: 22.39ms
[2025-03-03T04:05:51.616+0000][1][gc,phases   ] GC(4)   Post Evacuate Collection Set: 0.96ms
[2025-03-03T04:05:51.616+0000][1][gc,phases   ] GC(4)   Other: 0.11ms
[2025-03-03T04:05:51.616+0000][1][gc,age      ] GC(4) Age table:
[2025-03-03T04:05:51.616+0000][1][gc,age      ] GC(4) - age   1:    4889728 bytes,    4889728 total
[2025-03-03T04:05:51.616+0000][1][gc,age      ] GC(4) - age   2:    2569152 bytes,    7458880 total
[2025-03-03T04:05:51.616+0000][1][gc,heap     ] GC(4) Eden regions: 99->0(94)
[2025-03-03T04:05:51.616+0000][1][gc,heap     ] GC(4) Survivor regions: 3->8(13)
[2025-03-03T04:05:51.616+0000][1][gc,heap     ] GC(4) Old regions: 8->8
[2025-03-03T04:05:51.616+0000][1][gc,heap     ] GC(4) Humongous regions: 4->4
[2025-03-03T04:05:51.616+0000][1][gc,metaspace] GC(4) Metaspace: 36897K(37312K)->36897K(37312K) NonClass: 32825K(33088K)->32825K(33088K) Class: 4071K(4224K)->4071K(4224K)
[2025-03-03T04:05:51.616+0000][1][gc          ] GC(4) Pause Young (Normal) (G1 Evacuation Pause) 113M->19M(2048M) 24.332ms
[2025-03-03T04:05:51.616+0000][1][gc,cpu      ] GC(4) User=0.02s Sys=0.00s Real=0.02s
[2025-03-03T04:05:51.616+0000][1][safepoint   ] Safepoint "G1CollectForAllocation", Time since last: 3399585235 ns, Reaching safepoint: 6352 ns, At safepoint: 24386089 ns, Total: 24392441 ns
[2025-03-03T04:05:52.612+0000][1][gc,start    ] GC(5) Pause Young (Normal) (G1 Evacuation Pause)
[2025-03-03T04:05:52.612+0000][1][gc,task     ] GC(5) Using 1 workers of 1 for evacuation
[2025-03-03T04:05:52.612+0000][1][gc,age      ] GC(5) Desired survivor size 6815744 bytes, new threshold 2 (max threshold 15)
[2025-03-03T04:05:52.704+0000][1][gc,phases   ] GC(5)   Pre Evacuate Collection Set: 0.49ms
[2025-03-03T04:05:52.704+0000][1][gc,phases   ] GC(5)   Merge Heap Roots: 0.07ms
[2025-03-03T04:05:52.704+0000][1][gc,phases   ] GC(5)   Evacuate Collection Set: 90.49ms
[2025-03-03T04:05:52.704+0000][1][gc,phases   ] GC(5)   Post Evacuate Collection Set: 0.92ms
[2025-03-03T04:05:52.704+0000][1][gc,phases   ] GC(5)   Other: 0.09ms
[2025-03-03T04:05:52.704+0000][1][gc,age      ] GC(5) Age table:
[2025-03-03T04:05:52.704+0000][1][gc,age      ] GC(5) - age   1:    1936576 bytes,    1936576 total
[2025-03-03T04:05:52.704+0000][1][gc,age      ] GC(5) - age   2:     442936 bytes,    2379512 total
[2025-03-03T04:05:52.704+0000][1][gc,heap     ] GC(5) Eden regions: 94->0(99)
[2025-03-03T04:05:52.704+0000][1][gc,heap     ] GC(5) Survivor regions: 8->3(13)
[2025-03-03T04:05:52.704+0000][1][gc,heap     ] GC(5) Old regions: 8->10
[2025-03-03T04:05:52.704+0000][1][gc,heap     ] GC(5) Humongous regions: 4->4
[2025-03-03T04:05:52.704+0000][1][gc,metaspace] GC(5) Metaspace: 37042K(37504K)->37042K(37504K) NonClass: 32956K(33216K)->32956K(33216K) Class: 4086K(4288K)->4086K(4288K)
[2025-03-03T04:05:52.704+0000][1][gc          ] GC(5) Pause Young (Normal) (G1 Evacuation Pause) 113M->16M(2048M) 92.355ms
[2025-03-03T04:05:52.704+0000][1][gc,cpu      ] GC(5) User=0.02s Sys=0.00s Real=0.09s
[2025-03-03T04:05:52.704+0000][1][safepoint   ] Safepoint "G1CollectForAllocation", Time since last: 996047848 ns, Reaching safepoint: 8055 ns, At safepoint: 92409719 ns, Total: 92417774 ns
[2025-03-03T04:06:00.597+0000][1][gc,start    ] GC(6) Pause Young (Normal) (G1 Evacuation Pause)
[2025-03-03T04:06:00.597+0000][1][gc,task     ] GC(6) Using 1 workers of 1 for evacuation
[2025-03-03T04:06:00.597+0000][1][gc,age      ] GC(6) Desired survivor size 6815744 bytes, new threshold 15 (max threshold 15)
[2025-03-03T04:06:00.624+0000][1][gc,phases   ] GC(6)   Pre Evacuate Collection Set: 0.66ms
[2025-03-03T04:06:00.624+0000][1][gc,phases   ] GC(6)   Merge Heap Roots: 0.08ms
[2025-03-03T04:06:00.625+0000][1][gc,phases   ] GC(6)   Evacuate Collection Set: 24.84ms
[2025-03-03T04:06:00.625+0000][1][gc,phases   ] GC(6)   Post Evacuate Collection Set: 2.17ms
[2025-03-03T04:06:00.625+0000][1][gc,phases   ] GC(6)   Other: 0.08ms
[2025-03-03T04:06:00.625+0000][1][gc,age      ] GC(6) Age table:
[2025-03-03T04:06:00.625+0000][1][gc,age      ] GC(6) - age   1:    6369744 bytes,    6369744 total
[2025-03-03T04:06:00.625+0000][1][gc,age      ] GC(6) - age   2:     182040 bytes,    6551784 total
[2025-03-03T04:06:00.625+0000][1][gc,age      ] GC(6) - age   3:     437200 bytes,    6988984 total
[2025-03-03T04:06:00.625+0000][1][gc,heap     ] GC(6) Eden regions: 99->0(95)
[2025-03-03T04:06:00.625+0000][1][gc,heap     ] GC(6) Survivor regions: 3->7(13)
[2025-03-03T04:06:00.625+0000][1][gc,heap     ] GC(6) Old regions: 10->10
[2025-03-03T04:06:00.625+0000][1][gc,heap     ] GC(6) Humongous regions: 4->4
[2025-03-03T04:06:00.625+0000][1][gc,metaspace] GC(6) Metaspace: 57088K(57728K)->57088K(57728K) NonClass: 49627K(49984K)->49627K(49984K) Class: 7461K(7744K)->7461K(7744K)
[2025-03-03T04:06:00.625+0000][1][gc          ] GC(6) Pause Young (Normal) (G1 Evacuation Pause) 115M->21M(2048M) 28.090ms
[2025-03-03T04:06:00.625+0000][1][gc,cpu      ] GC(6) User=0.02s Sys=0.00s Real=0.02s
[2025-03-03T04:06:00.625+0000][1][safepoint   ] Safepoint "G1CollectForAllocation", Time since last: 7892346578 ns, Reaching safepoint: 6537 ns, At safepoint: 28144985 ns, Total: 28151522 ns
[2025-03-03T04:06:01.718+0000][1][gc,start    ] GC(7) Pause Young (Concurrent Start) (Metadata GC Threshold)
[2025-03-03T04:06:01.718+0000][1][gc,task     ] GC(7) Using 1 workers of 1 for evacuation
[2025-03-03T04:06:01.719+0000][1][gc,age      ] GC(7) Desired survivor size 6815744 bytes, new threshold 3 (max threshold 15)
[2025-03-03T04:06:01.813+0000][1][gc,phases   ] GC(7)   Pre Evacuate Collection Set: 0.62ms
[2025-03-03T04:06:01.813+0000][1][gc,phases   ] GC(7)   Merge Heap Roots: 0.06ms
[2025-03-03T04:06:01.813+0000][1][gc,phases   ] GC(7)   Evacuate Collection Set: 92.08ms
[2025-03-03T04:06:01.813+0000][1][gc,phases   ] GC(7)   Post Evacuate Collection Set: 1.26ms
[2025-03-03T04:06:01.813+0000][1][gc,phases   ] GC(7)   Other: 0.14ms
[2025-03-03T04:06:01.813+0000][1][gc,age      ] GC(7) Age table:
[2025-03-03T04:06:01.813+0000][1][gc,age      ] GC(7) - age   1:    1590616 bytes,    1590616 total
[2025-03-03T04:06:01.813+0000][1][gc,age      ] GC(7) - age   2:    5773352 bytes,    7363968 total
[2025-03-03T04:06:01.813+0000][1][gc,age      ] GC(7) - age   3:     181848 bytes,    7545816 total
[2025-03-03T04:06:01.813+0000][1][gc,heap     ] GC(7) Eden regions: 11->0(94)
[2025-03-03T04:06:01.813+0000][1][gc,heap     ] GC(7) Survivor regions: 7->8(13)
[2025-03-03T04:06:01.813+0000][1][gc,heap     ] GC(7) Old regions: 10->11
[2025-03-03T04:06:01.813+0000][1][gc,heap     ] GC(7) Humongous regions: 4->4
[2025-03-03T04:06:01.813+0000][1][gc,metaspace] GC(7) Metaspace: 59810K(60416K)->59810K(60416K) NonClass: 51861K(52224K)->51861K(52224K) Class: 7948K(8192K)->7948K(8192K)
[2025-03-03T04:06:01.813+0000][1][gc          ] GC(7) Pause Young (Concurrent Start) (Metadata GC Threshold) 31M->21M(2048M) 94.425ms
[2025-03-03T04:06:01.813+0000][1][gc          ] GC(8) Concurrent Mark Cycle
[2025-03-03T04:06:01.813+0000][1][gc,marking  ] GC(8) Concurrent Scan Root Regions
[2025-03-03T04:06:01.813+0000][1][gc,cpu      ] GC(7) User=0.03s Sys=0.00s Real=0.09s
[2025-03-03T04:06:01.813+0000][1][safepoint   ] Safepoint "CollectForMetadataAllocation", Time since last: 1093736671 ns, Reaching safepoint: 5445 ns, At safepoint: 94854288 ns, Total: 94859733 ns
[2025-03-03T04:06:01.891+0000][1][gc,marking  ] GC(8) Concurrent Scan Root Regions 78.409ms
[2025-03-03T04:06:01.891+0000][1][gc,marking  ] GC(8) Concurrent Mark
[2025-03-03T04:06:01.891+0000][1][gc,marking  ] GC(8) Concurrent Mark From Roots
[2025-03-03T04:06:01.891+0000][1][gc,task     ] GC(8) Using 1 workers of 1 for marking
[2025-03-03T04:06:01.907+0000][1][gc,marking  ] GC(8) Concurrent Mark From Roots 15.563ms
[2025-03-03T04:06:01.907+0000][1][gc,marking  ] GC(8) Concurrent Preclean
[2025-03-03T04:06:01.907+0000][1][gc,marking  ] GC(8) Concurrent Preclean 0.095ms
[2025-03-03T04:06:01.907+0000][1][gc,start    ] GC(8) Pause Remark
[2025-03-03T04:06:02.000+0000][1][gc          ] GC(8) Pause Remark 22M->22M(2048M) 92.464ms
[2025-03-03T04:06:02.000+0000][1][gc,cpu      ] GC(8) User=0.01s Sys=0.00s Real=0.10s
[2025-03-03T04:06:02.000+0000][1][safepoint   ] Safepoint "G1PauseRemark", Time since last: 93860822 ns, Reaching safepoint: 5445 ns, At safepoint: 92558335 ns, Total: 92563780 ns
[2025-03-03T04:06:02.000+0000][1][gc,marking  ] GC(8) Concurrent Mark 108.358ms
[2025-03-03T04:06:02.000+0000][1][gc,marking  ] GC(8) Concurrent Rebuild Remembered Sets and Scrub Regions
[2025-03-03T04:06:02.008+0000][1][gc,marking  ] GC(8) Concurrent Rebuild Remembered Sets and Scrub Regions 8.018ms
[2025-03-03T04:06:02.008+0000][1][gc,start    ] GC(8) Pause Cleanup
[2025-03-03T04:06:02.008+0000][1][gc          ] GC(8) Pause Cleanup 23M->23M(2048M) 0.077ms
[2025-03-03T04:06:02.008+0000][1][gc,cpu      ] GC(8) User=0.00s Sys=0.00s Real=0.00s
[2025-03-03T04:06:02.008+0000][1][safepoint   ] Safepoint "G1PauseCleanup", Time since last: 8165310 ns, Reaching safepoint: 76926 ns, At safepoint: 124223 ns, Total: 201149 ns
[2025-03-03T04:06:02.008+0000][1][gc,marking  ] GC(8) Concurrent Clear Claimed Marks
[2025-03-03T04:06:02.008+0000][1][gc,marking  ] GC(8) Concurrent Clear Claimed Marks 0.077ms
[2025-03-03T04:06:02.008+0000][1][gc,marking  ] GC(8) Concurrent Cleanup for Next Mark
[2025-03-03T04:06:02.015+0000][1][gc,marking  ] GC(8) Concurrent Cleanup for Next Mark 7.180ms
[2025-03-03T04:06:02.016+0000][1][gc          ] GC(8) Concurrent Mark Cycle 202.704ms
[2025-03-03T04:06:09.304+0000][1][gc,heap,exit] Heap
[2025-03-03T04:06:09.304+0000][1][gc,heap,exit]  garbage-first heap   total reserved 2097152K, committed 2097152K, used 89730K [0x0000000080000000, 0x0000000100000000)
[2025-03-03T04:06:09.304+0000][1][gc,heap,exit]   region size 1024K, 74 young (75776K), 8 survivors (8192K)
[2025-03-03T04:06:09.304+0000][1][gc,heap,exit]  Metaspace       used 75827K, committed 76992K, reserved 1179648K
[2025-03-03T04:06:09.304+0000][1][gc,heap,exit]   class space    used 10098K, committed 10624K, reserved 1048576K
