[2025-03-03T04:07:11.151+0000][1][gc,init] CardTable entry size: 512
[2025-03-03T04:07:11.151+0000][1][gc     ] Using G1
[2025-03-03T04:07:11.173+0000][1][gc,init] Version: 23.0.2+7 (release)
[2025-03-03T04:07:11.173+0000][1][gc,init] CPUs: 4 total, 1 available
[2025-03-03T04:07:11.173+0000][1][gc,init] Memory: 1024M
[2025-03-03T04:07:11.173+0000][1][gc,init] Large Page Support: Disabled
[2025-03-03T04:07:11.173+0000][1][gc,init] NUMA Support: Disabled
[2025-03-03T04:07:11.173+0000][1][gc,init] Compressed Oops: Enabled (32-bit)
[2025-03-03T04:07:11.173+0000][1][gc,init] Heap Region Size: 1M
[2025-03-03T04:07:11.173+0000][1][gc,init] Heap Min Capacity: 2G
[2025-03-03T04:07:11.173+0000][1][gc,init] Heap Initial Capacity: 2G
[2025-03-03T04:07:11.173+0000][1][gc,init] Heap Max Capacity: 2G
[2025-03-03T04:07:11.173+0000][1][gc,init] Pre-touch: Disabled
[2025-03-03T04:07:11.173+0000][1][gc,init] Parallel Workers: 1
[2025-03-03T04:07:11.173+0000][1][gc,init] Concurrent Workers: 1
[2025-03-03T04:07:11.173+0000][1][gc,init] Concurrent Refinement Workers: 1
[2025-03-03T04:07:11.173+0000][1][gc,init] Periodic GC: Disabled
[2025-03-03T04:07:11.173+0000][1][gc,metaspace] CDS archive(s) not mapped
[2025-03-03T04:07:11.173+0000][1][gc,metaspace] Compressed class space mapped at: 0x000000000f000000-0x000000004f000000, reserved size: 1073741824
[2025-03-03T04:07:11.173+0000][1][gc,metaspace] Narrow klass base: 0x0000000000000000, Narrow klass shift: 0, Narrow klass range: 0x4f000000
[2025-03-03T04:07:14.897+0000][1][gc,start    ] GC(0) Pause Young (Concurrent Start) (Metadata GC Threshold)
[2025-03-03T04:07:14.897+0000][1][gc,task     ] GC(0) Using 1 workers of 1 for evacuation
[2025-03-03T04:07:14.897+0000][1][gc,age      ] GC(0) Desired survivor size 6815744 bytes, new threshold 15 (max threshold 15)
[2025-03-03T04:07:14.980+0000][1][gc,phases   ] GC(0)   Pre Evacuate Collection Set: 0.47ms
[2025-03-03T04:07:14.980+0000][1][gc,phases   ] GC(0)   Merge Heap Roots: 0.08ms
[2025-03-03T04:07:14.980+0000][1][gc,phases   ] GC(0)   Evacuate Collection Set: 81.30ms
[2025-03-03T04:07:14.980+0000][1][gc,phases   ] GC(0)   Post Evacuate Collection Set: 1.06ms
[2025-03-03T04:07:14.980+0000][1][gc,phases   ] GC(0)   Other: 0.08ms
[2025-03-03T04:07:14.980+0000][1][gc,age      ] GC(0) Age table:
[2025-03-03T04:07:14.980+0000][1][gc,age      ] GC(0) - age   1:    7468376 bytes,    7468376 total
[2025-03-03T04:07:14.980+0000][1][gc,heap     ] GC(0) Eden regions: 38->0(94)
[2025-03-03T04:07:14.980+0000][1][gc,heap     ] GC(0) Survivor regions: 0->8(13)
[2025-03-03T04:07:14.980+0000][1][gc,heap     ] GC(0) Old regions: 0->0
[2025-03-03T04:07:14.980+0000][1][gc,heap     ] GC(0) Humongous regions: 4->4
[2025-03-03T04:07:14.980+0000][1][gc,metaspace] GC(0) Metaspace: 21262K(21504K)->21262K(21504K) NonClass: 18961K(19072K)->18961K(19072K) Class: 2301K(2432K)->2301K(2432K)
[2025-03-03T04:07:14.980+0000][1][gc          ] GC(0) Pause Young (Concurrent Start) (Metadata GC Threshold) 42M->12M(2048M) 83.241ms
[2025-03-03T04:07:14.980+0000][1][gc,cpu      ] GC(0) User=0.01s Sys=0.01s Real=0.08s
[2025-03-03T04:07:14.980+0000][1][gc          ] GC(1) Concurrent Mark Cycle
[2025-03-03T04:07:14.980+0000][1][gc,marking  ] GC(1) Concurrent Scan Root Regions
[2025-03-03T04:07:14.980+0000][1][safepoint   ] Safepoint "CollectForMetadataAllocation", Time since last: 3708328357 ns, Reaching safepoint: 3722 ns, At safepoint: 83325044 ns, Total: 83328766 ns
[2025-03-03T04:07:14.983+0000][1][gc,marking  ] GC(1) Concurrent Scan Root Regions 2.904ms
[2025-03-03T04:07:14.983+0000][1][gc,marking  ] GC(1) Concurrent Mark
[2025-03-03T04:07:14.983+0000][1][gc,marking  ] GC(1) Concurrent Mark From Roots
[2025-03-03T04:07:14.983+0000][1][gc,task     ] GC(1) Using 1 workers of 1 for marking
[2025-03-03T04:07:14.984+0000][1][gc,marking  ] GC(1) Concurrent Mark From Roots 1.203ms
[2025-03-03T04:07:14.984+0000][1][gc,marking  ] GC(1) Concurrent Preclean
[2025-03-03T04:07:14.984+0000][1][gc,marking  ] GC(1) Concurrent Preclean 0.009ms
[2025-03-03T04:07:14.985+0000][1][gc,start    ] GC(1) Pause Remark
[2025-03-03T04:07:14.987+0000][1][gc          ] GC(1) Pause Remark 12M->12M(2048M) 2.445ms
[2025-03-03T04:07:14.987+0000][1][gc,cpu      ] GC(1) User=0.00s Sys=0.00s Real=0.00s
[2025-03-03T04:07:14.987+0000][1][safepoint   ] Safepoint "G1PauseRemark", Time since last: 4203821 ns, Reaching safepoint: 195148 ns, At safepoint: 2515226 ns, Total: 2710374 ns
[2025-03-03T04:07:14.987+0000][1][gc,marking  ] GC(1) Concurrent Mark 4.011ms
[2025-03-03T04:07:14.987+0000][1][gc,marking  ] GC(1) Concurrent Rebuild Remembered Sets and Scrub Regions
[2025-03-03T04:07:14.987+0000][1][gc,marking  ] GC(1) Concurrent Rebuild Remembered Sets and Scrub Regions 0.083ms
[2025-03-03T04:07:14.987+0000][1][gc,start    ] GC(1) Pause Cleanup
[2025-03-03T04:07:14.987+0000][1][gc          ] GC(1) Pause Cleanup 12M->12M(2048M) 0.023ms
[2025-03-03T04:07:14.987+0000][1][gc,cpu      ] GC(1) User=0.00s Sys=0.00s Real=0.00s
[2025-03-03T04:07:14.987+0000][1][safepoint   ] Safepoint "G1PauseCleanup", Time since last: 243852 ns, Reaching safepoint: 70815 ns, At safepoint: 45037 ns, Total: 115852 ns
[2025-03-03T04:07:14.987+0000][1][gc,marking  ] GC(1) Concurrent Clear Claimed Marks
[2025-03-03T04:07:14.988+0000][1][gc,marking  ] GC(1) Concurrent Clear Claimed Marks 0.017ms
[2025-03-03T04:07:14.988+0000][1][gc,marking  ] GC(1) Concurrent Cleanup for Next Mark
[2025-03-03T04:07:15.078+0000][1][gc,marking  ] GC(1) Concurrent Cleanup for Next Mark 90.332ms
[2025-03-03T04:07:15.078+0000][1][gc          ] GC(1) Concurrent Mark Cycle 97.792ms
[2025-03-03T04:07:19.973+0000][1][gc,start    ] GC(2) Pause Young (Concurrent Start) (Metadata GC Threshold)
[2025-03-03T04:07:19.974+0000][1][gc,task     ] GC(2) Using 1 workers of 1 for evacuation
[2025-03-03T04:07:19.974+0000][1][gc,age      ] GC(2) Desired survivor size 6815744 bytes, new threshold 1 (max threshold 15)
[2025-03-03T04:07:20.075+0000][1][gc,phases   ] GC(2)   Pre Evacuate Collection Set: 0.70ms
[2025-03-03T04:07:20.075+0000][1][gc,phases   ] GC(2)   Merge Heap Roots: 0.06ms
[2025-03-03T04:07:20.075+0000][1][gc,phases   ] GC(2)   Evacuate Collection Set: 99.05ms
[2025-03-03T04:07:20.075+0000][1][gc,phases   ] GC(2)   Post Evacuate Collection Set: 1.87ms
[2025-03-03T04:07:20.075+0000][1][gc,phases   ] GC(2)   Other: 0.17ms
[2025-03-03T04:07:20.076+0000][1][gc,age      ] GC(2) Age table:
[2025-03-03T04:07:20.076+0000][1][gc,age      ] GC(2) - age   1:    2676312 bytes,    2676312 total
[2025-03-03T04:07:20.076+0000][1][gc,heap     ] GC(2) Eden regions: 88->0(99)
[2025-03-03T04:07:20.076+0000][1][gc,heap     ] GC(2) Survivor regions: 8->3(13)
[2025-03-03T04:07:20.076+0000][1][gc,heap     ] GC(2) Old regions: 0->8
[2025-03-03T04:07:20.076+0000][1][gc,heap     ] GC(2) Humongous regions: 4->4
[2025-03-03T04:07:20.076+0000][1][gc,metaspace] GC(2) Metaspace: 35739K(36096K)->35739K(36096K) NonClass: 31853K(32064K)->31853K(32064K) Class: 3885K(4032K)->3885K(4032K)
[2025-03-03T04:07:20.076+0000][1][gc          ] GC(2) Pause Young (Concurrent Start) (Metadata GC Threshold) 99M->14M(2048M) 102.100ms
[2025-03-03T04:07:20.076+0000][1][gc,cpu      ] GC(2) User=0.04s Sys=0.01s Real=0.10s
[2025-03-03T04:07:20.076+0000][1][safepoint   ] Safepoint "CollectForMetadataAllocation", Time since last: 4985971226 ns, Reaching safepoint: 5649 ns, At safepoint: 102212328 ns, Total: 102217977 ns
[2025-03-03T04:07:20.076+0000][1][gc          ] GC(3) Concurrent Mark Cycle
[2025-03-03T04:07:20.076+0000][1][gc,marking  ] GC(3) Concurrent Scan Root Regions
[2025-03-03T04:07:20.083+0000][1][gc,marking  ] GC(3) Concurrent Scan Root Regions 6.991ms
[2025-03-03T04:07:20.083+0000][1][gc,marking  ] GC(3) Concurrent Mark
[2025-03-03T04:07:20.083+0000][1][gc,marking  ] GC(3) Concurrent Mark From Roots
[2025-03-03T04:07:20.083+0000][1][gc,task     ] GC(3) Using 1 workers of 1 for marking
[2025-03-03T04:07:20.085+0000][1][gc,marking  ] GC(3) Concurrent Mark From Roots 1.511ms
[2025-03-03T04:07:20.085+0000][1][gc,marking  ] GC(3) Concurrent Preclean
[2025-03-03T04:07:20.085+0000][1][gc,marking  ] GC(3) Concurrent Preclean 0.133ms
[2025-03-03T04:07:20.085+0000][1][gc,start    ] GC(3) Pause Remark
[2025-03-03T04:07:20.173+0000][1][gc          ] GC(3) Pause Remark 15M->15M(2048M) 87.735ms
[2025-03-03T04:07:20.173+0000][1][gc,cpu      ] GC(3) User=0.01s Sys=0.00s Real=0.09s
[2025-03-03T04:07:20.173+0000][1][safepoint   ] Safepoint "G1PauseRemark", Time since last: 9552993 ns, Reaching safepoint: 75130 ns, At safepoint: 87829477 ns, Total: 87904607 ns
[2025-03-03T04:07:20.173+0000][1][gc,marking  ] GC(3) Concurrent Mark 90.027ms
[2025-03-03T04:07:20.173+0000][1][gc,marking  ] GC(3) Concurrent Rebuild Remembered Sets and Scrub Regions
[2025-03-03T04:07:20.177+0000][1][gc,marking  ] GC(3) Concurrent Rebuild Remembered Sets and Scrub Regions 3.938ms
[2025-03-03T04:07:20.177+0000][1][gc,start    ] GC(3) Pause Cleanup
[2025-03-03T04:07:20.177+0000][1][gc          ] GC(3) Pause Cleanup 15M->15M(2048M) 0.071ms
[2025-03-03T04:07:20.177+0000][1][gc,cpu      ] GC(3) User=0.00s Sys=0.00s Real=0.00s
[2025-03-03T04:07:20.177+0000][1][safepoint   ] Safepoint "G1PauseCleanup", Time since last: 4078190 ns, Reaching safepoint: 76408 ns, At safepoint: 114259 ns, Total: 190667 ns
[2025-03-03T04:07:20.177+0000][1][gc,marking  ] GC(3) Concurrent Clear Claimed Marks
[2025-03-03T04:07:20.177+0000][1][gc,marking  ] GC(3) Concurrent Clear Claimed Marks 0.047ms
[2025-03-03T04:07:20.177+0000][1][gc,marking  ] GC(3) Concurrent Cleanup for Next Mark
[2025-03-03T04:07:20.186+0000][1][gc,marking  ] GC(3) Concurrent Cleanup for Next Mark 8.547ms
[2025-03-03T04:07:20.186+0000][1][gc          ] GC(3) Concurrent Mark Cycle 110.541ms
[2025-03-03T04:07:23.485+0000][1][gc,start    ] GC(4) Pause Young (Normal) (G1 Evacuation Pause)
[2025-03-03T04:07:23.485+0000][1][gc,task     ] GC(4) Using 1 workers of 1 for evacuation
[2025-03-03T04:07:23.485+0000][1][gc,age      ] GC(4) Desired survivor size 6815744 bytes, new threshold 15 (max threshold 15)
[2025-03-03T04:07:23.579+0000][1][gc,phases   ] GC(4)   Pre Evacuate Collection Set: 0.70ms
[2025-03-03T04:07:23.579+0000][1][gc,phases   ] GC(4)   Merge Heap Roots: 0.09ms
[2025-03-03T04:07:23.579+0000][1][gc,phases   ] GC(4)   Evacuate Collection Set: 91.69ms
[2025-03-03T04:07:23.579+0000][1][gc,phases   ] GC(4)   Post Evacuate Collection Set: 1.03ms
[2025-03-03T04:07:23.579+0000][1][gc,phases   ] GC(4)   Other: 0.11ms
[2025-03-03T04:07:23.579+0000][1][gc,age      ] GC(4) Age table:
[2025-03-03T04:07:23.579+0000][1][gc,age      ] GC(4) - age   1:    4890216 bytes,    4890216 total
[2025-03-03T04:07:23.579+0000][1][gc,age      ] GC(4) - age   2:    2572904 bytes,    7463120 total
[2025-03-03T04:07:23.579+0000][1][gc,heap     ] GC(4) Eden regions: 99->0(94)
[2025-03-03T04:07:23.579+0000][1][gc,heap     ] GC(4) Survivor regions: 3->8(13)
[2025-03-03T04:07:23.579+0000][1][gc,heap     ] GC(4) Old regions: 8->8
[2025-03-03T04:07:23.579+0000][1][gc,heap     ] GC(4) Humongous regions: 4->4
[2025-03-03T04:07:23.579+0000][1][gc,metaspace] GC(4) Metaspace: 36888K(37312K)->36888K(37312K) NonClass: 32815K(33088K)->32815K(33088K) Class: 4072K(4224K)->4072K(4224K)
[2025-03-03T04:07:23.579+0000][1][gc          ] GC(4) Pause Young (Normal) (G1 Evacuation Pause) 113M->19M(2048M) 93.902ms
[2025-03-03T04:07:23.579+0000][1][gc,cpu      ] GC(4) User=0.03s Sys=0.00s Real=0.10s
[2025-03-03T04:07:23.579+0000][1][safepoint   ] Safepoint "G1CollectForAllocation", Time since last: 3307728882 ns, Reaching safepoint: 6538 ns, At safepoint: 93956049 ns, Total: 93962587 ns
[2025-03-03T04:07:24.673+0000][1][gc,start    ] GC(5) Pause Young (Normal) (G1 Evacuation Pause)
[2025-03-03T04:07:24.673+0000][1][gc,task     ] GC(5) Using 1 workers of 1 for evacuation
[2025-03-03T04:07:24.673+0000][1][gc,age      ] GC(5) Desired survivor size 6815744 bytes, new threshold 2 (max threshold 15)
[2025-03-03T04:07:24.690+0000][1][gc,phases   ] GC(5)   Pre Evacuate Collection Set: 0.53ms
[2025-03-03T04:07:24.690+0000][1][gc,phases   ] GC(5)   Merge Heap Roots: 0.07ms
[2025-03-03T04:07:24.690+0000][1][gc,phases   ] GC(5)   Evacuate Collection Set: 15.35ms
[2025-03-03T04:07:24.690+0000][1][gc,phases   ] GC(5)   Post Evacuate Collection Set: 1.04ms
[2025-03-03T04:07:24.690+0000][1][gc,phases   ] GC(5)   Other: 0.09ms
[2025-03-03T04:07:24.690+0000][1][gc,age      ] GC(5) Age table:
[2025-03-03T04:07:24.690+0000][1][gc,age      ] GC(5) - age   1:    1936160 bytes,    1936160 total
[2025-03-03T04:07:24.690+0000][1][gc,age      ] GC(5) - age   2:     443400 bytes,    2379560 total
[2025-03-03T04:07:24.690+0000][1][gc,heap     ] GC(5) Eden regions: 94->0(99)
[2025-03-03T04:07:24.690+0000][1][gc,heap     ] GC(5) Survivor regions: 8->3(13)
[2025-03-03T04:07:24.690+0000][1][gc,heap     ] GC(5) Old regions: 8->10
[2025-03-03T04:07:24.690+0000][1][gc,heap     ] GC(5) Humongous regions: 4->4
[2025-03-03T04:07:24.690+0000][1][gc,metaspace] GC(5) Metaspace: 37038K(37504K)->37038K(37504K) NonClass: 32951K(33216K)->32951K(33216K) Class: 4086K(4288K)->4086K(4288K)
[2025-03-03T04:07:24.690+0000][1][gc          ] GC(5) Pause Young (Normal) (G1 Evacuation Pause) 113M->16M(2048M) 17.356ms
[2025-03-03T04:07:24.690+0000][1][gc,cpu      ] GC(5) User=0.03s Sys=0.00s Real=0.02s
[2025-03-03T04:07:24.690+0000][1][safepoint   ] Safepoint "G1CollectForAllocation", Time since last: 1093532511 ns, Reaching safepoint: 6555 ns, At safepoint: 17408093 ns, Total: 17414648 ns
[2025-03-03T04:07:33.185+0000][1][gc,start    ] GC(6) Pause Young (Normal) (G1 Evacuation Pause)
[2025-03-03T04:07:33.186+0000][1][gc,task     ] GC(6) Using 1 workers of 1 for evacuation
[2025-03-03T04:07:33.186+0000][1][gc,age      ] GC(6) Desired survivor size 6815744 bytes, new threshold 15 (max threshold 15)
[2025-03-03T04:07:33.288+0000][1][gc,phases   ] GC(6)   Pre Evacuate Collection Set: 0.71ms
[2025-03-03T04:07:33.288+0000][1][gc,phases   ] GC(6)   Merge Heap Roots: 0.09ms
[2025-03-03T04:07:33.288+0000][1][gc,phases   ] GC(6)   Evacuate Collection Set: 98.60ms
[2025-03-03T04:07:33.288+0000][1][gc,phases   ] GC(6)   Post Evacuate Collection Set: 2.81ms
[2025-03-03T04:07:33.288+0000][1][gc,phases   ] GC(6)   Other: 0.10ms
[2025-03-03T04:07:33.288+0000][1][gc,age      ] GC(6) Age table:
[2025-03-03T04:07:33.288+0000][1][gc,age      ] GC(6) - age   1:    6367200 bytes,    6367200 total
[2025-03-03T04:07:33.288+0000][1][gc,age      ] GC(6) - age   2:     181624 bytes,    6548824 total
[2025-03-03T04:07:33.288+0000][1][gc,age      ] GC(6) - age   3:     437632 bytes,    6986456 total
[2025-03-03T04:07:33.288+0000][1][gc,heap     ] GC(6) Eden regions: 99->0(95)
[2025-03-03T04:07:33.288+0000][1][gc,heap     ] GC(6) Survivor regions: 3->7(13)
[2025-03-03T04:07:33.288+0000][1][gc,heap     ] GC(6) Old regions: 10->10
[2025-03-03T04:07:33.288+0000][1][gc,heap     ] GC(6) Humongous regions: 4->4
[2025-03-03T04:07:33.288+0000][1][gc,metaspace] GC(6) Metaspace: 57088K(57728K)->57088K(57728K) NonClass: 49627K(49984K)->49627K(49984K) Class: 7461K(7744K)->7461K(7744K)
[2025-03-03T04:07:33.288+0000][1][gc          ] GC(6) Pause Young (Normal) (G1 Evacuation Pause) 115M->21M(2048M) 102.737ms
[2025-03-03T04:07:33.288+0000][1][gc,cpu      ] GC(6) User=0.03s Sys=0.00s Real=0.11s
[2025-03-03T04:07:33.288+0000][1][safepoint   ] Safepoint "G1CollectForAllocation", Time since last: 8495338928 ns, Reaching safepoint: 6093 ns, At safepoint: 102794748 ns, Total: 102800841 ns
[2025-03-03T04:07:34.472+0000][1][gc,start    ] GC(7) Pause Young (Concurrent Start) (Metadata GC Threshold)
[2025-03-03T04:07:34.472+0000][1][gc,task     ] GC(7) Using 1 workers of 1 for evacuation
[2025-03-03T04:07:34.472+0000][1][gc,age      ] GC(7) Desired survivor size 6815744 bytes, new threshold 3 (max threshold 15)
[2025-03-03T04:07:34.499+0000][1][gc,phases   ] GC(7)   Pre Evacuate Collection Set: 0.56ms
[2025-03-03T04:07:34.499+0000][1][gc,phases   ] GC(7)   Merge Heap Roots: 0.07ms
[2025-03-03T04:07:34.499+0000][1][gc,phases   ] GC(7)   Evacuate Collection Set: 24.54ms
[2025-03-03T04:07:34.499+0000][1][gc,phases   ] GC(7)   Post Evacuate Collection Set: 1.25ms
[2025-03-03T04:07:34.499+0000][1][gc,phases   ] GC(7)   Other: 0.11ms
[2025-03-03T04:07:34.499+0000][1][gc,age      ] GC(7) Age table:
[2025-03-03T04:07:34.499+0000][1][gc,age      ] GC(7) - age   1:    1593472 bytes,    1593472 total
[2025-03-03T04:07:34.499+0000][1][gc,age      ] GC(7) - age   2:    5770040 bytes,    7363512 total
[2025-03-03T04:07:34.499+0000][1][gc,age      ] GC(7) - age   3:     181464 bytes,    7544976 total
[2025-03-03T04:07:34.499+0000][1][gc,heap     ] GC(7) Eden regions: 11->0(94)
[2025-03-03T04:07:34.499+0000][1][gc,heap     ] GC(7) Survivor regions: 7->8(13)
[2025-03-03T04:07:34.499+0000][1][gc,heap     ] GC(7) Old regions: 10->11
[2025-03-03T04:07:34.499+0000][1][gc,heap     ] GC(7) Humongous regions: 4->4
[2025-03-03T04:07:34.499+0000][1][gc,metaspace] GC(7) Metaspace: 59817K(60416K)->59817K(60416K) NonClass: 51868K(52224K)->51868K(52224K) Class: 7948K(8192K)->7948K(8192K)
[2025-03-03T04:07:34.499+0000][1][gc          ] GC(7) Pause Young (Concurrent Start) (Metadata GC Threshold) 31M->21M(2048M) 26.941ms
[2025-03-03T04:07:34.499+0000][1][gc,cpu      ] GC(7) User=0.03s Sys=0.00s Real=0.03s
[2025-03-03T04:07:34.499+0000][1][gc          ] GC(8) Concurrent Mark Cycle
[2025-03-03T04:07:34.499+0000][1][gc,marking  ] GC(8) Concurrent Scan Root Regions
[2025-03-03T04:07:34.499+0000][1][safepoint   ] Safepoint "CollectForMetadataAllocation", Time since last: 1183989291 ns, Reaching safepoint: 8111 ns, At safepoint: 27048446 ns, Total: 27056557 ns
[2025-03-03T04:07:34.574+0000][1][gc,marking  ] GC(8) Concurrent Scan Root Regions 74.927ms
[2025-03-03T04:07:34.574+0000][1][gc,marking  ] GC(8) Concurrent Mark
[2025-03-03T04:07:34.574+0000][1][gc,marking  ] GC(8) Concurrent Mark From Roots
[2025-03-03T04:07:34.574+0000][1][gc,task     ] GC(8) Using 1 workers of 1 for marking
[2025-03-03T04:07:34.675+0000][1][gc,marking  ] GC(8) Concurrent Mark From Roots 100.575ms
[2025-03-03T04:07:34.675+0000][1][gc,marking  ] GC(8) Concurrent Preclean
[2025-03-03T04:07:34.675+0000][1][gc,marking  ] GC(8) Concurrent Preclean 0.128ms
[2025-03-03T04:07:34.675+0000][1][gc,start    ] GC(8) Pause Remark
[2025-03-03T04:07:34.684+0000][1][gc          ] GC(8) Pause Remark 22M->22M(2048M) 8.624ms
[2025-03-03T04:07:34.684+0000][1][gc,cpu      ] GC(8) User=0.01s Sys=0.00s Real=0.01s
[2025-03-03T04:07:34.684+0000][1][safepoint   ] Safepoint "G1PauseRemark", Time since last: 176086189 ns, Reaching safepoint: 78611 ns, At safepoint: 8719174 ns, Total: 8797785 ns
[2025-03-03T04:07:34.684+0000][1][gc,marking  ] GC(8) Concurrent Mark 110.096ms
[2025-03-03T04:07:34.684+0000][1][gc,marking  ] GC(8) Concurrent Rebuild Remembered Sets and Scrub Regions
[2025-03-03T04:07:34.776+0000][1][gc,marking  ] GC(8) Concurrent Rebuild Remembered Sets and Scrub Regions 91.675ms
[2025-03-03T04:07:34.776+0000][1][gc,start    ] GC(8) Pause Cleanup
[2025-03-03T04:07:34.776+0000][1][gc          ] GC(8) Pause Cleanup 23M->23M(2048M) 0.076ms
[2025-03-03T04:07:34.776+0000][1][gc,cpu      ] GC(8) User=0.00s Sys=0.00s Real=0.00s
[2025-03-03T04:07:34.776+0000][1][safepoint   ] Safepoint "G1PauseCleanup", Time since last: 91973106 ns, Reaching safepoint: 80704 ns, At safepoint: 117834 ns, Total: 198538 ns
[2025-03-03T04:07:34.776+0000][1][gc,marking  ] GC(8) Concurrent Clear Claimed Marks
[2025-03-03T04:07:34.777+0000][1][gc,marking  ] GC(8) Concurrent Clear Claimed Marks 0.191ms
[2025-03-03T04:07:34.777+0000][1][gc,marking  ] GC(8) Concurrent Cleanup for Next Mark
[2025-03-03T04:07:34.785+0000][1][gc,marking  ] GC(8) Concurrent Cleanup for Next Mark 8.562ms
[2025-03-03T04:07:34.786+0000][1][gc          ] GC(8) Concurrent Mark Cycle 286.544ms
[2025-03-03T04:07:41.787+0000][1][gc,heap,exit] Heap
[2025-03-03T04:07:41.787+0000][1][gc,heap,exit]  garbage-first heap   total reserved 2097152K, committed 2097152K, used 89731K [0x0000000080000000, 0x0000000100000000)
[2025-03-03T04:07:41.787+0000][1][gc,heap,exit]   region size 1024K, 74 young (75776K), 8 survivors (8192K)
[2025-03-03T04:07:41.787+0000][1][gc,heap,exit]  Metaspace       used 75845K, committed 76992K, reserved 1179648K
[2025-03-03T04:07:41.787+0000][1][gc,heap,exit]   class space    used 10103K, committed 10624K, reserved 1048576K
