[2025-03-03T04:05:08.365+0000][1][gc,init] CardTable entry size: 512
[2025-03-03T04:05:08.365+0000][1][gc     ] Using G1
[2025-03-03T04:05:08.400+0000][1][gc,init] Version: 23.0.2+7 (release)
[2025-03-03T04:05:08.400+0000][1][gc,init] CPUs: 4 total, 1 available
[2025-03-03T04:05:08.400+0000][1][gc,init] Memory: 1024M
[2025-03-03T04:05:08.400+0000][1][gc,init] Large Page Support: Disabled
[2025-03-03T04:05:08.400+0000][1][gc,init] NUMA Support: Disabled
[2025-03-03T04:05:08.400+0000][1][gc,init] Compressed Oops: Enabled (32-bit)
[2025-03-03T04:05:08.400+0000][1][gc,init] Heap Region Size: 1M
[2025-03-03T04:05:08.400+0000][1][gc,init] Heap Min Capacity: 2G
[2025-03-03T04:05:08.400+0000][1][gc,init] Heap Initial Capacity: 2G
[2025-03-03T04:05:08.400+0000][1][gc,init] Heap Max Capacity: 2G
[2025-03-03T04:05:08.400+0000][1][gc,init] Pre-touch: Disabled
[2025-03-03T04:05:08.400+0000][1][gc,init] Parallel Workers: 1
[2025-03-03T04:05:08.400+0000][1][gc,init] Concurrent Workers: 1
[2025-03-03T04:05:08.400+0000][1][gc,init] Concurrent Refinement Workers: 1
[2025-03-03T04:05:08.400+0000][1][gc,init] Periodic GC: Disabled
[2025-03-03T04:05:08.400+0000][1][gc,metaspace] CDS archive(s) not mapped
[2025-03-03T04:05:08.400+0000][1][gc,metaspace] Compressed class space mapped at: 0x000000003f000000-0x000000007f000000, reserved size: 1073741824
[2025-03-03T04:05:08.400+0000][1][gc,metaspace] Narrow klass base: 0x0000000000000000, Narrow klass shift: 0, Narrow klass range: 0x7f000000
[2025-03-03T04:05:12.300+0000][1][gc,start    ] GC(0) Pause Young (Concurrent Start) (Metadata GC Threshold)
[2025-03-03T04:05:12.300+0000][1][gc,task     ] GC(0) Using 1 workers of 1 for evacuation
[2025-03-03T04:05:12.300+0000][1][gc,age      ] GC(0) Desired survivor size 6815744 bytes, new threshold 15 (max threshold 15)
[2025-03-03T04:05:12.315+0000][1][gc,phases   ] GC(0)   Pre Evacuate Collection Set: 0.58ms
[2025-03-03T04:05:12.315+0000][1][gc,phases   ] GC(0)   Merge Heap Roots: 0.08ms
[2025-03-03T04:05:12.315+0000][1][gc,phases   ] GC(0)   Evacuate Collection Set: 12.55ms
[2025-03-03T04:05:12.315+0000][1][gc,phases   ] GC(0)   Post Evacuate Collection Set: 1.03ms
[2025-03-03T04:05:12.315+0000][1][gc,phases   ] GC(0)   Other: 0.09ms
[2025-03-03T04:05:12.315+0000][1][gc,age      ] GC(0) Age table:
[2025-03-03T04:05:12.315+0000][1][gc,age      ] GC(0) - age   1:    7466992 bytes,    7466992 total
[2025-03-03T04:05:12.315+0000][1][gc,heap     ] GC(0) Eden regions: 39->0(94)
[2025-03-03T04:05:12.315+0000][1][gc,heap     ] GC(0) Survivor regions: 0->8(13)
[2025-03-03T04:05:12.315+0000][1][gc,heap     ] GC(0) Old regions: 0->0
[2025-03-03T04:05:12.315+0000][1][gc,heap     ] GC(0) Humongous regions: 4->4
[2025-03-03T04:05:12.315+0000][1][gc,metaspace] GC(0) Metaspace: 21273K(21504K)->21273K(21504K) NonClass: 18968K(19072K)->18968K(19072K) Class: 2305K(2432K)->2305K(2432K)
[2025-03-03T04:05:12.315+0000][1][gc          ] GC(0) Pause Young (Concurrent Start) (Metadata GC Threshold) 42M->12M(2048M) 14.583ms
[2025-03-03T04:05:12.315+0000][1][gc,cpu      ] GC(0) User=0.01s Sys=0.00s Real=0.01s
[2025-03-03T04:05:12.315+0000][1][gc          ] GC(1) Concurrent Mark Cycle
[2025-03-03T04:05:12.315+0000][1][gc,marking  ] GC(1) Concurrent Scan Root Regions
[2025-03-03T04:05:12.315+0000][1][safepoint   ] Safepoint "CollectForMetadataAllocation", Time since last: 3884633006 ns, Reaching safepoint: 3944 ns, At safepoint: 14669347 ns, Total: 14673291 ns
[2025-03-03T04:05:12.318+0000][1][gc,marking  ] GC(1) Concurrent Scan Root Regions 2.654ms
[2025-03-03T04:05:12.318+0000][1][gc,marking  ] GC(1) Concurrent Mark
[2025-03-03T04:05:12.318+0000][1][gc,marking  ] GC(1) Concurrent Mark From Roots
[2025-03-03T04:05:12.318+0000][1][gc,task     ] GC(1) Using 1 workers of 1 for marking
[2025-03-03T04:05:12.320+0000][1][gc,marking  ] GC(1) Concurrent Mark From Roots 2.771ms
[2025-03-03T04:05:12.321+0000][1][gc,marking  ] GC(1) Concurrent Preclean
[2025-03-03T04:05:12.321+0000][1][gc,marking  ] GC(1) Concurrent Preclean 0.011ms
[2025-03-03T04:05:12.324+0000][1][gc,start    ] GC(1) Pause Remark
[2025-03-03T04:05:12.328+0000][1][gc          ] GC(1) Pause Remark 13M->13M(2048M) 4.464ms
[2025-03-03T04:05:12.328+0000][1][gc,cpu      ] GC(1) User=0.00s Sys=0.00s Real=0.01s
[2025-03-03T04:05:12.329+0000][1][safepoint   ] Safepoint "G1PauseRemark", Time since last: 8754442 ns, Reaching safepoint: 72667 ns, At safepoint: 4730695 ns, Total: 4803362 ns
[2025-03-03T04:05:12.329+0000][1][gc,marking  ] GC(1) Concurrent Mark 10.949ms
[2025-03-03T04:05:12.329+0000][1][gc,marking  ] GC(1) Concurrent Rebuild Remembered Sets and Scrub Regions
[2025-03-03T04:05:12.329+0000][1][gc,marking  ] GC(1) Concurrent Rebuild Remembered Sets and Scrub Regions 0.087ms
[2025-03-03T04:05:12.329+0000][1][gc,start    ] GC(1) Pause Cleanup
[2025-03-03T04:05:12.329+0000][1][gc          ] GC(1) Pause Cleanup 13M->13M(2048M) 0.092ms
[2025-03-03T04:05:12.329+0000][1][gc,cpu      ] GC(1) User=0.00s Sys=0.00s Real=0.00s
[2025-03-03T04:05:12.329+0000][1][safepoint   ] Safepoint "G1PauseCleanup", Time since last: 264187 ns, Reaching safepoint: 70241 ns, At safepoint: 250853 ns, Total: 321094 ns
[2025-03-03T04:05:12.329+0000][1][gc,marking  ] GC(1) Concurrent Clear Claimed Marks
[2025-03-03T04:05:12.329+0000][1][gc,marking  ] GC(1) Concurrent Clear Claimed Marks 0.019ms
[2025-03-03T04:05:12.329+0000][1][gc,marking  ] GC(1) Concurrent Cleanup for Next Mark
[2025-03-03T04:05:12.411+0000][1][gc,marking  ] GC(1) Concurrent Cleanup for Next Mark 81.642ms
[2025-03-03T04:05:12.411+0000][1][gc          ] GC(1) Concurrent Mark Cycle 96.018ms
[2025-03-03T04:05:16.820+0000][1][gc,start    ] GC(2) Pause Young (Concurrent Start) (Metadata GC Threshold)
[2025-03-03T04:05:16.820+0000][1][gc,task     ] GC(2) Using 1 workers of 1 for evacuation
[2025-03-03T04:05:16.820+0000][1][gc,age      ] GC(2) Desired survivor size 6815744 bytes, new threshold 1 (max threshold 15)
[2025-03-03T04:05:16.912+0000][1][gc,phases   ] GC(2)   Pre Evacuate Collection Set: 0.57ms
[2025-03-03T04:05:16.912+0000][1][gc,phases   ] GC(2)   Merge Heap Roots: 0.04ms
[2025-03-03T04:05:16.912+0000][1][gc,phases   ] GC(2)   Evacuate Collection Set: 90.12ms
[2025-03-03T04:05:16.912+0000][1][gc,phases   ] GC(2)   Post Evacuate Collection Set: 1.42ms
[2025-03-03T04:05:16.912+0000][1][gc,phases   ] GC(2)   Other: 0.12ms
[2025-03-03T04:05:16.912+0000][1][gc,age      ] GC(2) Age table:
[2025-03-03T04:05:16.912+0000][1][gc,age      ] GC(2) - age   1:    2680640 bytes,    2680640 total
[2025-03-03T04:05:16.912+0000][1][gc,heap     ] GC(2) Eden regions: 88->0(99)
[2025-03-03T04:05:16.912+0000][1][gc,heap     ] GC(2) Survivor regions: 8->3(13)
[2025-03-03T04:05:16.912+0000][1][gc,heap     ] GC(2) Old regions: 0->8
[2025-03-03T04:05:16.912+0000][1][gc,heap     ] GC(2) Humongous regions: 4->4
[2025-03-03T04:05:16.912+0000][1][gc,metaspace] GC(2) Metaspace: 35735K(36096K)->35735K(36096K) NonClass: 31848K(32064K)->31848K(32064K) Class: 3886K(4032K)->3886K(4032K)
[2025-03-03T04:05:16.912+0000][1][gc          ] GC(2) Pause Young (Concurrent Start) (Metadata GC Threshold) 100M->14M(2048M) 92.452ms
[2025-03-03T04:05:16.912+0000][1][gc,cpu      ] GC(2) User=0.02s Sys=0.00s Real=0.09s
[2025-03-03T04:05:16.912+0000][1][gc          ] GC(3) Concurrent Mark Cycle
[2025-03-03T04:05:16.912+0000][1][gc,marking  ] GC(3) Concurrent Scan Root Regions
[2025-03-03T04:05:16.912+0000][1][safepoint   ] Safepoint "CollectForMetadataAllocation", Time since last: 4490395022 ns, Reaching safepoint: 4278 ns, At safepoint: 92558372 ns, Total: 92562650 ns
[2025-03-03T04:05:16.917+0000][1][gc,marking  ] GC(3) Concurrent Scan Root Regions 5.024ms
[2025-03-03T04:05:16.917+0000][1][gc,marking  ] GC(3) Concurrent Mark
[2025-03-03T04:05:16.917+0000][1][gc,marking  ] GC(3) Concurrent Mark From Roots
[2025-03-03T04:05:16.917+0000][1][gc,task     ] GC(3) Using 1 workers of 1 for marking
[2025-03-03T04:05:16.918+0000][1][gc,marking  ] GC(3) Concurrent Mark From Roots 1.001ms
[2025-03-03T04:05:16.918+0000][1][gc,marking  ] GC(3) Concurrent Preclean
[2025-03-03T04:05:16.918+0000][1][gc,marking  ] GC(3) Concurrent Preclean 0.010ms
[2025-03-03T04:05:16.919+0000][1][gc,start    ] GC(3) Pause Remark
[2025-03-03T04:05:16.923+0000][1][gc          ] GC(3) Pause Remark 15M->15M(2048M) 3.937ms
[2025-03-03T04:05:16.923+0000][1][gc,cpu      ] GC(3) User=0.00s Sys=0.00s Real=0.00s
[2025-03-03T04:05:16.923+0000][1][safepoint   ] Safepoint "G1PauseRemark", Time since last: 6457204 ns, Reaching safepoint: 73797 ns, At safepoint: 4007042 ns, Total: 4080839 ns
[2025-03-03T04:05:16.923+0000][1][gc,marking  ] GC(3) Concurrent Mark 5.489ms
[2025-03-03T04:05:16.923+0000][1][gc,marking  ] GC(3) Concurrent Rebuild Remembered Sets and Scrub Regions
[2025-03-03T04:05:16.998+0000][1][gc,marking  ] GC(3) Concurrent Rebuild Remembered Sets and Scrub Regions 74.926ms
[2025-03-03T04:05:16.998+0000][1][gc,start    ] GC(3) Pause Cleanup
[2025-03-03T04:05:16.998+0000][1][gc          ] GC(3) Pause Cleanup 15M->15M(2048M) 0.072ms
[2025-03-03T04:05:16.998+0000][1][gc,cpu      ] GC(3) User=0.00s Sys=0.00s Real=0.00s
[2025-03-03T04:05:16.998+0000][1][safepoint   ] Safepoint "G1PauseCleanup", Time since last: 75257253 ns, Reaching safepoint: 72945 ns, At safepoint: 105427 ns, Total: 178372 ns
[2025-03-03T04:05:16.998+0000][1][gc,marking  ] GC(3) Concurrent Clear Claimed Marks
[2025-03-03T04:05:16.998+0000][1][gc,marking  ] GC(3) Concurrent Clear Claimed Marks 0.126ms
[2025-03-03T04:05:16.998+0000][1][gc,marking  ] GC(3) Concurrent Cleanup for Next Mark
[2025-03-03T04:05:17.006+0000][1][gc,marking  ] GC(3) Concurrent Cleanup for Next Mark 8.055ms
[2025-03-03T04:05:17.007+0000][1][gc          ] GC(3) Concurrent Mark Cycle 94.582ms
[2025-03-03T04:05:19.720+0000][1][gc,start    ] GC(4) Pause Young (Normal) (G1 Evacuation Pause)
[2025-03-03T04:05:19.720+0000][1][gc,task     ] GC(4) Using 1 workers of 1 for evacuation
[2025-03-03T04:05:19.720+0000][1][gc,age      ] GC(4) Desired survivor size 6815744 bytes, new threshold 15 (max threshold 15)
[2025-03-03T04:05:19.814+0000][1][gc,phases   ] GC(4)   Pre Evacuate Collection Set: 0.50ms
[2025-03-03T04:05:19.814+0000][1][gc,phases   ] GC(4)   Merge Heap Roots: 0.07ms
[2025-03-03T04:05:19.814+0000][1][gc,phases   ] GC(4)   Evacuate Collection Set: 92.18ms
[2025-03-03T04:05:19.814+0000][1][gc,phases   ] GC(4)   Post Evacuate Collection Set: 0.92ms
[2025-03-03T04:05:19.814+0000][1][gc,phases   ] GC(4)   Other: 0.09ms
[2025-03-03T04:05:19.814+0000][1][gc,age      ] GC(4) Age table:
[2025-03-03T04:05:19.814+0000][1][gc,age      ] GC(4) - age   1:    4897152 bytes,    4897152 total
[2025-03-03T04:05:19.814+0000][1][gc,age      ] GC(4) - age   2:    2572512 bytes,    7469664 total
[2025-03-03T04:05:19.814+0000][1][gc,heap     ] GC(4) Eden regions: 99->0(94)
[2025-03-03T04:05:19.814+0000][1][gc,heap     ] GC(4) Survivor regions: 3->8(13)
[2025-03-03T04:05:19.814+0000][1][gc,heap     ] GC(4) Old regions: 8->8
[2025-03-03T04:05:19.814+0000][1][gc,heap     ] GC(4) Humongous regions: 4->4
[2025-03-03T04:05:19.814+0000][1][gc,metaspace] GC(4) Metaspace: 36867K(37248K)->36867K(37248K) NonClass: 32797K(33024K)->32797K(33024K) Class: 4069K(4224K)->4069K(4224K)
[2025-03-03T04:05:19.814+0000][1][gc          ] GC(4) Pause Young (Normal) (G1 Evacuation Pause) 113M->19M(2048M) 94.238ms
[2025-03-03T04:05:19.814+0000][1][gc,cpu      ] GC(4) User=0.02s Sys=0.00s Real=0.09s
[2025-03-03T04:05:19.816+0000][1][safepoint   ] Safepoint "G1CollectForAllocation", Time since last: 2721555693 ns, Reaching safepoint: 5963 ns, At safepoint: 96095325 ns, Total: 96101288 ns
[2025-03-03T04:05:20.799+0000][1][gc,start    ] GC(5) Pause Young (Normal) (G1 Evacuation Pause)
[2025-03-03T04:05:20.799+0000][1][gc,task     ] GC(5) Using 1 workers of 1 for evacuation
[2025-03-03T04:05:20.799+0000][1][gc,age      ] GC(5) Desired survivor size 6815744 bytes, new threshold 2 (max threshold 15)
[2025-03-03T04:05:20.816+0000][1][gc,phases   ] GC(5)   Pre Evacuate Collection Set: 0.58ms
[2025-03-03T04:05:20.816+0000][1][gc,phases   ] GC(5)   Merge Heap Roots: 0.07ms
[2025-03-03T04:05:20.816+0000][1][gc,phases   ] GC(5)   Evacuate Collection Set: 14.63ms
[2025-03-03T04:05:20.816+0000][1][gc,phases   ] GC(5)   Post Evacuate Collection Set: 0.98ms
[2025-03-03T04:05:20.816+0000][1][gc,phases   ] GC(5)   Other: 0.09ms
[2025-03-03T04:05:20.816+0000][1][gc,age      ] GC(5) Age table:
[2025-03-03T04:05:20.816+0000][1][gc,age      ] GC(5) - age   1:    1943080 bytes,    1943080 total
[2025-03-03T04:05:20.816+0000][1][gc,age      ] GC(5) - age   2:     440560 bytes,    2383640 total
[2025-03-03T04:05:20.816+0000][1][gc,heap     ] GC(5) Eden regions: 94->0(99)
[2025-03-03T04:05:20.816+0000][1][gc,heap     ] GC(5) Survivor regions: 8->3(13)
[2025-03-03T04:05:20.816+0000][1][gc,heap     ] GC(5) Old regions: 8->10
[2025-03-03T04:05:20.816+0000][1][gc,heap     ] GC(5) Humongous regions: 4->4
[2025-03-03T04:05:20.816+0000][1][gc,metaspace] GC(5) Metaspace: 37003K(37504K)->37003K(37504K) NonClass: 32919K(33216K)->32919K(33216K) Class: 4084K(4288K)->4084K(4288K)
[2025-03-03T04:05:20.816+0000][1][gc          ] GC(5) Pause Young (Normal) (G1 Evacuation Pause) 113M->16M(2048M) 16.631ms
[2025-03-03T04:05:20.816+0000][1][gc,cpu      ] GC(5) User=0.01s Sys=0.00s Real=0.02s
[2025-03-03T04:05:20.816+0000][1][safepoint   ] Safepoint "G1CollectForAllocation", Time since last: 983614796 ns, Reaching safepoint: 6222 ns, At safepoint: 16681576 ns, Total: 16687798 ns
[2025-03-03T04:05:29.707+0000][1][gc,start    ] GC(6) Pause Young (Normal) (G1 Evacuation Pause)
[2025-03-03T04:05:29.707+0000][1][gc,task     ] GC(6) Using 1 workers of 1 for evacuation
[2025-03-03T04:05:29.707+0000][1][gc,age      ] GC(6) Desired survivor size 6815744 bytes, new threshold 15 (max threshold 15)
[2025-03-03T04:05:29.802+0000][1][gc,phases   ] GC(6)   Pre Evacuate Collection Set: 0.47ms
[2025-03-03T04:05:29.802+0000][1][gc,phases   ] GC(6)   Merge Heap Roots: 0.09ms
[2025-03-03T04:05:29.802+0000][1][gc,phases   ] GC(6)   Evacuate Collection Set: 92.21ms
[2025-03-03T04:05:29.802+0000][1][gc,phases   ] GC(6)   Post Evacuate Collection Set: 2.32ms
[2025-03-03T04:05:29.802+0000][1][gc,phases   ] GC(6)   Other: 0.10ms
[2025-03-03T04:05:29.802+0000][1][gc,age      ] GC(6) Age table:
[2025-03-03T04:05:29.802+0000][1][gc,age      ] GC(6) - age   1:    6235344 bytes,    6235344 total
[2025-03-03T04:05:29.802+0000][1][gc,age      ] GC(6) - age   2:     181792 bytes,    6417136 total
[2025-03-03T04:05:29.802+0000][1][gc,age      ] GC(6) - age   3:     434824 bytes,    6851960 total
[2025-03-03T04:05:29.802+0000][1][gc,heap     ] GC(6) Eden regions: 99->0(95)
[2025-03-03T04:05:29.802+0000][1][gc,heap     ] GC(6) Survivor regions: 3->7(13)
[2025-03-03T04:05:29.802+0000][1][gc,heap     ] GC(6) Old regions: 10->10
[2025-03-03T04:05:29.802+0000][1][gc,heap     ] GC(6) Humongous regions: 4->4
[2025-03-03T04:05:29.802+0000][1][gc,metaspace] GC(6) Metaspace: 57055K(57728K)->57055K(57728K) NonClass: 49598K(49984K)->49598K(49984K) Class: 7456K(7744K)->7456K(7744K)
[2025-03-03T04:05:29.802+0000][1][gc          ] GC(6) Pause Young (Normal) (G1 Evacuation Pause) 115M->21M(2048M) 95.597ms
[2025-03-03T04:05:29.802+0000][1][gc,cpu      ] GC(6) User=0.03s Sys=0.00s Real=0.10s
[2025-03-03T04:05:29.802+0000][1][safepoint   ] Safepoint "G1CollectForAllocation", Time since last: 8890520536 ns, Reaching safepoint: 6500 ns, At safepoint: 95652376 ns, Total: 95658876 ns
[2025-03-03T04:05:31.023+0000][1][gc,start    ] GC(7) Pause Young (Concurrent Start) (Metadata GC Threshold)
[2025-03-03T04:05:31.023+0000][1][gc,task     ] GC(7) Using 1 workers of 1 for evacuation
[2025-03-03T04:05:31.023+0000][1][gc,age      ] GC(7) Desired survivor size 6815744 bytes, new threshold 3 (max threshold 15)
[2025-03-03T04:05:31.120+0000][1][gc,phases   ] GC(7)   Pre Evacuate Collection Set: 0.55ms
[2025-03-03T04:05:31.120+0000][1][gc,phases   ] GC(7)   Merge Heap Roots: 0.07ms
[2025-03-03T04:05:31.120+0000][1][gc,phases   ] GC(7)   Evacuate Collection Set: 94.75ms
[2025-03-03T04:05:31.120+0000][1][gc,phases   ] GC(7)   Post Evacuate Collection Set: 1.29ms
[2025-03-03T04:05:31.120+0000][1][gc,phases   ] GC(7)   Other: 0.09ms
[2025-03-03T04:05:31.120+0000][1][gc,age      ] GC(7) Age table:
[2025-03-03T04:05:31.120+0000][1][gc,age      ] GC(7) - age   1:    1590736 bytes,    1590736 total
[2025-03-03T04:05:31.120+0000][1][gc,age      ] GC(7) - age   2:    5771720 bytes,    7362456 total
[2025-03-03T04:05:31.120+0000][1][gc,age      ] GC(7) - age   3:     181632 bytes,    7544088 total
[2025-03-03T04:05:31.120+0000][1][gc,heap     ] GC(7) Eden regions: 11->0(94)
[2025-03-03T04:05:31.120+0000][1][gc,heap     ] GC(7) Survivor regions: 7->8(13)
[2025-03-03T04:05:31.120+0000][1][gc,heap     ] GC(7) Old regions: 10->11
[2025-03-03T04:05:31.120+0000][1][gc,heap     ] GC(7) Humongous regions: 4->4
[2025-03-03T04:05:31.120+0000][1][gc,metaspace] GC(7) Metaspace: 59788K(60416K)->59788K(60416K) NonClass: 51845K(52224K)->51845K(52224K) Class: 7943K(8192K)->7943K(8192K)
[2025-03-03T04:05:31.120+0000][1][gc          ] GC(7) Pause Young (Concurrent Start) (Metadata GC Threshold) 31M->21M(2048M) 97.010ms
[2025-03-03T04:05:31.120+0000][1][gc,cpu      ] GC(7) User=0.03s Sys=0.00s Real=0.10s
[2025-03-03T04:05:31.120+0000][1][gc          ] GC(8) Concurrent Mark Cycle
[2025-03-03T04:05:31.120+0000][1][gc,marking  ] GC(8) Concurrent Scan Root Regions
[2025-03-03T04:05:31.120+0000][1][safepoint   ] Safepoint "CollectForMetadataAllocation", Time since last: 1221146006 ns, Reaching safepoint: 5056 ns, At safepoint: 97118580 ns, Total: 97123636 ns
[2025-03-03T04:05:31.131+0000][1][gc,marking  ] GC(8) Concurrent Scan Root Regions 10.247ms
[2025-03-03T04:05:31.131+0000][1][gc,marking  ] GC(8) Concurrent Mark
[2025-03-03T04:05:31.131+0000][1][gc,marking  ] GC(8) Concurrent Mark From Roots
[2025-03-03T04:05:31.131+0000][1][gc,task     ] GC(8) Using 1 workers of 1 for marking
[2025-03-03T04:05:31.298+0000][1][gc,marking  ] GC(8) Concurrent Mark From Roots 167.425ms
[2025-03-03T04:05:31.298+0000][1][gc,marking  ] GC(8) Concurrent Preclean
[2025-03-03T04:05:31.298+0000][1][gc,marking  ] GC(8) Concurrent Preclean 0.111ms
[2025-03-03T04:05:31.299+0000][1][gc,start    ] GC(8) Pause Remark
[2025-03-03T04:05:31.307+0000][1][gc          ] GC(8) Pause Remark 23M->23M(2048M) 8.209ms
[2025-03-03T04:05:31.307+0000][1][gc,cpu      ] GC(8) User=0.01s Sys=0.00s Real=0.00s
[2025-03-03T04:05:31.307+0000][1][safepoint   ] Safepoint "G1PauseRemark", Time since last: 177933593 ns, Reaching safepoint: 78130 ns, At safepoint: 8296413 ns, Total: 8374543 ns
[2025-03-03T04:05:31.307+0000][1][gc,marking  ] GC(8) Concurrent Mark 176.059ms
[2025-03-03T04:05:31.307+0000][1][gc,marking  ] GC(8) Concurrent Rebuild Remembered Sets and Scrub Regions
[2025-03-03T04:05:31.314+0000][1][gc,marking  ] GC(8) Concurrent Rebuild Remembered Sets and Scrub Regions 6.993ms
[2025-03-03T04:05:31.314+0000][1][gc,start    ] GC(8) Pause Cleanup
[2025-03-03T04:05:31.314+0000][1][gc          ] GC(8) Pause Cleanup 23M->23M(2048M) 0.072ms
[2025-03-03T04:05:31.314+0000][1][gc,cpu      ] GC(8) User=0.00s Sys=0.00s Real=0.00s
[2025-03-03T04:05:31.314+0000][1][safepoint   ] Safepoint "G1PauseCleanup", Time since last: 7138056 ns, Reaching safepoint: 143723 ns, At safepoint: 110852 ns, Total: 254575 ns
[2025-03-03T04:05:31.314+0000][1][gc,marking  ] GC(8) Concurrent Clear Claimed Marks
[2025-03-03T04:05:31.314+0000][1][gc,marking  ] GC(8) Concurrent Clear Claimed Marks 0.064ms
[2025-03-03T04:05:31.314+0000][1][gc,marking  ] GC(8) Concurrent Cleanup for Next Mark
[2025-03-03T04:05:31.404+0000][1][gc,marking  ] GC(8) Concurrent Cleanup for Next Mark 89.974ms
[2025-03-03T04:05:31.404+0000][1][gc          ] GC(8) Concurrent Mark Cycle 283.947ms
[2025-03-03T04:05:38.013+0000][1][gc,heap,exit] Heap
[2025-03-03T04:05:38.013+0000][1][gc,heap,exit]  garbage-first heap   total reserved 2097152K, committed 2097152K, used 90514K [0x0000000080000000, 0x0000000100000000)
[2025-03-03T04:05:38.013+0000][1][gc,heap,exit]   region size 1024K, 75 young (76800K), 8 survivors (8192K)
[2025-03-03T04:05:38.013+0000][1][gc,heap,exit]  Metaspace       used 75828K, committed 76992K, reserved 1179648K
[2025-03-03T04:05:38.013+0000][1][gc,heap,exit]   class space    used 10093K, committed 10624K, reserved 1048576K
